-- Copyright (c) Microsoft Corporation. All rights reserved.
-- Licensed under the PostgreSQL License.
--
-- Regression test for issue #774: a monitor rule can assign a node a goal
-- state its own KeeperFSM[] (src/bin/pg_autoctl/fsm.c) has no transition
-- path to reach from that node's current state, fataling the keeper
-- forever ("does not know how to reach state ... from ...").
--
-- Two independent rules in group_state_machine.c interact badly:
--
--  Rule 1 (ProceedGroupStateForPrimaryNode, "no healthy standby in the
--  quorum" block): reassigns the primary to wait_primary whenever
--  secondaryQuorumNodesCount == 0. That count drops to zero the instant a
--  failover candidate leaves SECONDARY (e.g. converges to
--  prepare_promotion) -- even though the candidate *is* the failover in
--  progress, not a lost standby. Without a guard, the primary can be
--  reassigned wait_primary right as its own candidate is converging.
--
--  Rule 2 ("prepare_promotion -> stop_replication" block): assigns the
--  primary demote_timeout as soon as the candidate reports
--  prepare_promotion, unconditionally. demote_timeout has a real
--  KeeperFSM[] edge from primary/join_primary/apply_settings/draining --
--  but not from wait_primary. If Rule 1 already reassigned the primary to
--  wait_primary, Rule 2 hands out an unreachable demote_timeout, and the
--  keeper fatals on every retry.
--
-- Fixed by: Rule 1 now skips its reassignment when IsFailoverInProgress()
-- is true (the candidate already being in prepare_promotion counts);
-- Rule 2 now only assigns demote_timeout when the primary's reported
-- state is actually one KeeperFSM[] has an edge to, deferring otherwise.
--
-- Two scenarios below, each isolating one of the two guards. Neither
-- needs the isolation tester (pg_isolation_regress): both are pure
-- sequencing issues inside ProceedGroupStateFromContext, reproducible
-- deterministically with a straight-line sequence of node_active() calls
-- and (for the states that are otherwise hard to reach synchronously) a
-- direct UPDATE to manufacture the precondition -- the same technique
-- stale_primary_report.sql already uses for a similarly hard-to-reach
-- scenario (a primary that never gets to report its own demotion).
\x on
-- ═══════════════════════════════════════════════════════════════════════
-- Scenario A (Rule 1 / Fix 1): a candidate already mid-promotion must not
-- be treated as "the standby is just gone" by the primary's own routine
-- report.
-- ═══════════════════════════════════════════════════════════════════════
SELECT pgautofailover.create_formation('fclma_test', 'pgsql', 'postgres', true, 0);
-[ RECORD 1 ]----+--------------------------------
create_formation | (fclma_test,pgsql,postgres,t,0)

SELECT *
  FROM pgautofailover.register_node('fclma_test', 'fclma_p', 5432,
                                    'postgres', 'fclma_p', 1);
-[ RECORD 1 ]---------------+--------
assigned_node_id            | 24
assigned_group_id           | 0
assigned_group_state        | single
assigned_candidate_priority | 100
assigned_replication_quorum | t
assigned_node_name          | fclma_p

SELECT nodeid AS np FROM pgautofailover.node
 WHERE formationid = 'fclma_test' AND nodename = 'fclma_p' \gset
SELECT *
  FROM pgautofailover.register_node('fclma_test', 'fclma_s', 5432,
                                    'postgres', 'fclma_s', 1);
-[ RECORD 1 ]---------------+-------------
assigned_node_id            | 25
assigned_group_id           | 0
assigned_group_state        | wait_standby
assigned_candidate_priority | 100
assigned_replication_quorum | t
assigned_node_name          | fclma_s

SELECT nodeid AS ns FROM pgautofailover.node
 WHERE formationid = 'fclma_test' AND nodename = 'fclma_s' \gset
-- bootstrap: p = primary, s = secondary
SELECT assigned_group_state
  FROM pgautofailover.node_active('fclma_test', :np, 0,
                                  current_group_role => 'single');
-[ RECORD 1 ]--------+-------
assigned_group_state | single

SELECT assigned_group_state
  FROM pgautofailover.node_active('fclma_test', :ns, 0,
                                  current_group_role => 'wait_standby');
-[ RECORD 1 ]--------+-------------
assigned_group_state | wait_standby

SELECT assigned_group_state
  FROM pgautofailover.node_active('fclma_test', :np, 0,
                                  current_group_role => 'single',
                                  current_lsn => '0/5000');
-[ RECORD 1 ]--------+-------------
assigned_group_state | wait_primary

SELECT assigned_group_state
  FROM pgautofailover.node_active('fclma_test', :np, 0,
                                  current_group_role => 'wait_primary',
                                  current_lsn => '0/5000');
-[ RECORD 1 ]--------+-------------
assigned_group_state | wait_primary

SELECT assigned_group_state
  FROM pgautofailover.node_active('fclma_test', :ns, 0,
                                  current_group_role => 'wait_standby');
-[ RECORD 1 ]--------+-----------
assigned_group_state | catchingup

SELECT assigned_group_state
  FROM pgautofailover.node_active('fclma_test', :ns, 0,
                                  current_group_role => 'catchingup',
                                  current_lsn => '0/5000');
-[ RECORD 1 ]--------+----------
assigned_group_state | secondary

SELECT assigned_group_state
  FROM pgautofailover.node_active('fclma_test', :ns, 0,
                                  current_group_role => 'secondary',
                                  current_lsn => '0/5000');
-[ RECORD 1 ]--------+----------
assigned_group_state | secondary

SELECT assigned_group_state
  FROM pgautofailover.node_active('fclma_test', :np, 0,
                                  current_group_role => 'wait_primary',
                                  current_lsn => '0/5000');
-[ RECORD 1 ]--------+--------
assigned_group_state | primary

SELECT assigned_group_state
  FROM pgautofailover.node_active('fclma_test', :np, 0,
                                  current_group_role => 'primary',
                                  current_lsn => '0/5000');
-[ RECORD 1 ]--------+--------
assigned_group_state | primary

SELECT nodename, reportedstate, goalstate
  FROM pgautofailover.node
 WHERE formationid = 'fclma_test'
 ORDER BY nodename;
-[ RECORD 1 ]-+----------
nodename      | fclma_p
reportedstate | primary
goalstate     | primary
-[ RECORD 2 ]-+----------
nodename      | fclma_s
reportedstate | secondary
goalstate     | secondary

-- The candidate is already fully converged at prepare_promotion (a
-- promotion is genuinely in progress -- this is what IsFailoverInProgress()
-- must recognize). This can be reached for real via perform_promotion() or
-- a multi-standby perform_failover(); manufactured directly here to isolate
-- Rule 1 from everything else.
UPDATE pgautofailover.node
   SET reportedstate = 'prepare_promotion',
       goalstate = 'prepare_promotion'
 WHERE formationid = 'fclma_test' AND nodename = 'fclma_s';
-- The primary's own next routine report must NOT be reassigned
-- wait_primary just because its one standby is no longer "secondary" --
-- that standby is the active failover candidate, not a lost node.
SELECT assigned_group_state
  FROM pgautofailover.node_active('fclma_test', :np, 0,
                                  current_group_role => 'primary',
                                  current_lsn => '0/5000');
-[ RECORD 1 ]--------+--------
assigned_group_state | primary

-- ASSERT: fclma_p's goalstate is still 'primary'.
-- Pre-fix: Rule 1 reassigns it to 'wait_primary' here.
SELECT nodename, reportedstate, goalstate
  FROM pgautofailover.node
 WHERE formationid = 'fclma_test'
 ORDER BY nodename;
-[ RECORD 1 ]-+------------------
nodename      | fclma_p
reportedstate | primary
goalstate     | primary
-[ RECORD 2 ]-+------------------
nodename      | fclma_s
reportedstate | prepare_promotion
goalstate     | prepare_promotion

-- ═══════════════════════════════════════════════════════════════════════
-- Scenario B (Rule 2 / Fix 2): demote_timeout must never be assigned to a
-- primary sitting at wait_primary -- there is no KeeperFSM[] edge from
-- wait_primary to demote_timeout, so that assignment fatals the keeper
-- forever.
-- ═══════════════════════════════════════════════════════════════════════
SELECT pgautofailover.create_formation('fclmb_test', 'pgsql', 'postgres', true, 0);
-[ RECORD 1 ]----+--------------------------------
create_formation | (fclmb_test,pgsql,postgres,t,0)

SELECT *
  FROM pgautofailover.register_node('fclmb_test', 'fclmb_p', 5432,
                                    'postgres', 'fclmb_p', 1);
-[ RECORD 1 ]---------------+--------
assigned_node_id            | 26
assigned_group_id           | 0
assigned_group_state        | single
assigned_candidate_priority | 100
assigned_replication_quorum | t
assigned_node_name          | fclmb_p

SELECT nodeid AS np FROM pgautofailover.node
 WHERE formationid = 'fclmb_test' AND nodename = 'fclmb_p' \gset
SELECT *
  FROM pgautofailover.register_node('fclmb_test', 'fclmb_s', 5432,
                                    'postgres', 'fclmb_s', 1);
-[ RECORD 1 ]---------------+-------------
assigned_node_id            | 27
assigned_group_id           | 0
assigned_group_state        | wait_standby
assigned_candidate_priority | 100
assigned_replication_quorum | t
assigned_node_name          | fclmb_s

SELECT nodeid AS ns FROM pgautofailover.node
 WHERE formationid = 'fclmb_test' AND nodename = 'fclmb_s' \gset
-- bootstrap: p = primary, s = secondary
SELECT assigned_group_state
  FROM pgautofailover.node_active('fclmb_test', :np, 0,
                                  current_group_role => 'single');
-[ RECORD 1 ]--------+-------
assigned_group_state | single

SELECT assigned_group_state
  FROM pgautofailover.node_active('fclmb_test', :ns, 0,
                                  current_group_role => 'wait_standby');
-[ RECORD 1 ]--------+-------------
assigned_group_state | wait_standby

SELECT assigned_group_state
  FROM pgautofailover.node_active('fclmb_test', :np, 0,
                                  current_group_role => 'single',
                                  current_lsn => '0/5000');
-[ RECORD 1 ]--------+-------------
assigned_group_state | wait_primary

SELECT assigned_group_state
  FROM pgautofailover.node_active('fclmb_test', :np, 0,
                                  current_group_role => 'wait_primary',
                                  current_lsn => '0/5000');
-[ RECORD 1 ]--------+-------------
assigned_group_state | wait_primary

SELECT assigned_group_state
  FROM pgautofailover.node_active('fclmb_test', :ns, 0,
                                  current_group_role => 'wait_standby');
-[ RECORD 1 ]--------+-----------
assigned_group_state | catchingup

SELECT assigned_group_state
  FROM pgautofailover.node_active('fclmb_test', :ns, 0,
                                  current_group_role => 'catchingup',
                                  current_lsn => '0/5000');
-[ RECORD 1 ]--------+----------
assigned_group_state | secondary

SELECT assigned_group_state
  FROM pgautofailover.node_active('fclmb_test', :ns, 0,
                                  current_group_role => 'secondary',
                                  current_lsn => '0/5000');
-[ RECORD 1 ]--------+----------
assigned_group_state | secondary

SELECT assigned_group_state
  FROM pgautofailover.node_active('fclmb_test', :np, 0,
                                  current_group_role => 'wait_primary',
                                  current_lsn => '0/5000');
-[ RECORD 1 ]--------+--------
assigned_group_state | primary

SELECT assigned_group_state
  FROM pgautofailover.node_active('fclmb_test', :np, 0,
                                  current_group_role => 'primary',
                                  current_lsn => '0/5000');
-[ RECORD 1 ]--------+--------
assigned_group_state | primary

SELECT nodename, reportedstate, goalstate
  FROM pgautofailover.node
 WHERE formationid = 'fclmb_test'
 ORDER BY nodename;
-[ RECORD 1 ]-+----------
nodename      | fclmb_p
reportedstate | primary
goalstate     | primary
-[ RECORD 2 ]-+----------
nodename      | fclmb_s
reportedstate | secondary
goalstate     | secondary

-- Manufacture the state Rule 1 would have produced without Fix 1 above --
-- the primary fully converged at wait_primary, whatever the exact prior
-- trigger. This isolates Rule 2's behaviour from Rule 1's.
UPDATE pgautofailover.node
   SET reportedstate = 'wait_primary',
       goalstate = 'wait_primary'
 WHERE formationid = 'fclmb_test' AND nodename = 'fclmb_p';
-- The candidate is already fully converged at prepare_promotion, same as in
-- Scenario A -- IsCurrentState() requires goalstate == reportedstate == the
-- state being tested, so a node_active() call alone would only move
-- reportedstate and leave goalstate at 'secondary' from the bootstrap above,
-- never matching Rule 2's IsCurrentState(activeNode, PREPARE_PROMOTION)
-- check. Manufacture full convergence directly, then re-affirm via
-- node_active() to trigger the dispatch.
UPDATE pgautofailover.node
   SET reportedstate = 'prepare_promotion',
       goalstate = 'prepare_promotion'
 WHERE formationid = 'fclmb_test' AND nodename = 'fclmb_s';
SELECT assigned_group_state
  FROM pgautofailover.node_active('fclmb_test', :ns, 0,
                                  current_group_role => 'prepare_promotion',
                                  current_lsn => '0/5000');
-[ RECORD 1 ]--------+-------------
assigned_group_state | wait_primary

-- ASSERT: fclmb_p's goalstate is still 'wait_primary', not 'demote_timeout',
-- and fclmb_s is promoted directly to 'wait_primary' -- fclmb_p is stuck at
-- wait_primary with no path to become a live primary, so it is treated the
-- same as "no primary at all" (the primaryNode == NULL case) rather than
-- waiting forever for a demote handshake that can never happen.
-- Pre-fix: Rule 2 assigns demote_timeout unconditionally here, producing
-- reportedstate=wait_primary / goalstate=demote_timeout -- no KeeperFSM[]
-- edge between them, so the keeper would fatal on every retry.
SELECT nodename, reportedstate, goalstate
  FROM pgautofailover.node
 WHERE formationid = 'fclmb_test'
 ORDER BY nodename;
-[ RECORD 1 ]-+------------------
nodename      | fclmb_p
reportedstate | wait_primary
goalstate     | wait_primary
-[ RECORD 2 ]-+------------------
nodename      | fclmb_s
reportedstate | prepare_promotion
goalstate     | wait_primary

-- ═══════════════════════════════════════════════════════════════════════
-- Scenario C (the "settled" guard): neither Rule 2's demote_timeout path nor
-- its wait_primary fallback may fire while the primary is healthy but has
-- not yet converged to its own assigned goal -- it might still complete
-- that transition (e.g. reach a real primary) on its own, and deciding
-- based on a reportedState that's just lagging behind an in-progress,
-- healthy convergence risks promoting a second candidate while the first
-- primary is still legitimately alive and progressing, producing two
-- simultaneously-writable nodes.
-- ═══════════════════════════════════════════════════════════════════════
SELECT pgautofailover.create_formation('fclmc_test', 'pgsql', 'postgres', true, 0);
-[ RECORD 1 ]----+--------------------------------
create_formation | (fclmc_test,pgsql,postgres,t,0)

SELECT *
  FROM pgautofailover.register_node('fclmc_test', 'fclmc_p', 5432,
                                    'postgres', 'fclmc_p', 1);
-[ RECORD 1 ]---------------+--------
assigned_node_id            | 28
assigned_group_id           | 0
assigned_group_state        | single
assigned_candidate_priority | 100
assigned_replication_quorum | t
assigned_node_name          | fclmc_p

SELECT nodeid AS np FROM pgautofailover.node
 WHERE formationid = 'fclmc_test' AND nodename = 'fclmc_p' \gset
SELECT *
  FROM pgautofailover.register_node('fclmc_test', 'fclmc_s', 5432,
                                    'postgres', 'fclmc_s', 1);
-[ RECORD 1 ]---------------+-------------
assigned_node_id            | 29
assigned_group_id           | 0
assigned_group_state        | wait_standby
assigned_candidate_priority | 100
assigned_replication_quorum | t
assigned_node_name          | fclmc_s

SELECT nodeid AS ns FROM pgautofailover.node
 WHERE formationid = 'fclmc_test' AND nodename = 'fclmc_s' \gset
-- bootstrap: p = primary, s = secondary
SELECT assigned_group_state
  FROM pgautofailover.node_active('fclmc_test', :np, 0,
                                  current_group_role => 'single');
-[ RECORD 1 ]--------+-------
assigned_group_state | single

SELECT assigned_group_state
  FROM pgautofailover.node_active('fclmc_test', :ns, 0,
                                  current_group_role => 'wait_standby');
-[ RECORD 1 ]--------+-------------
assigned_group_state | wait_standby

SELECT assigned_group_state
  FROM pgautofailover.node_active('fclmc_test', :np, 0,
                                  current_group_role => 'single',
                                  current_lsn => '0/5000');
-[ RECORD 1 ]--------+-------------
assigned_group_state | wait_primary

SELECT assigned_group_state
  FROM pgautofailover.node_active('fclmc_test', :np, 0,
                                  current_group_role => 'wait_primary',
                                  current_lsn => '0/5000');
-[ RECORD 1 ]--------+-------------
assigned_group_state | wait_primary

SELECT assigned_group_state
  FROM pgautofailover.node_active('fclmc_test', :ns, 0,
                                  current_group_role => 'wait_standby');
-[ RECORD 1 ]--------+-----------
assigned_group_state | catchingup

SELECT assigned_group_state
  FROM pgautofailover.node_active('fclmc_test', :ns, 0,
                                  current_group_role => 'catchingup',
                                  current_lsn => '0/5000');
-[ RECORD 1 ]--------+----------
assigned_group_state | secondary

SELECT assigned_group_state
  FROM pgautofailover.node_active('fclmc_test', :ns, 0,
                                  current_group_role => 'secondary',
                                  current_lsn => '0/5000');
-[ RECORD 1 ]--------+----------
assigned_group_state | secondary

SELECT assigned_group_state
  FROM pgautofailover.node_active('fclmc_test', :np, 0,
                                  current_group_role => 'wait_primary',
                                  current_lsn => '0/5000');
-[ RECORD 1 ]--------+--------
assigned_group_state | primary

SELECT assigned_group_state
  FROM pgautofailover.node_active('fclmc_test', :np, 0,
                                  current_group_role => 'primary',
                                  current_lsn => '0/5000');
-[ RECORD 1 ]--------+--------
assigned_group_state | primary

SELECT nodename, reportedstate, goalstate
  FROM pgautofailover.node
 WHERE formationid = 'fclmc_test'
 ORDER BY nodename;
-[ RECORD 1 ]-+----------
nodename      | fclmc_p
reportedstate | primary
goalstate     | primary
-[ RECORD 2 ]-+----------
nodename      | fclmc_s
reportedstate | secondary
goalstate     | secondary

-- Manufacture the primary mid-transition toward its own goal: goalstate is
-- already 'primary' (assigned by the monitor, e.g. after a replication
-- property change), but the keeper has only reported back as far as
-- 'apply_settings' -- a real, in-progress, healthy predecessor of primary
-- (apply_settings -> primary is a genuine KeeperFSM[] edge), not a dead
-- node. Recency of the last report (from the node_active() calls just
-- above) keeps it "healthy" per NodeIsUnhealthy()'s reportTime check.
UPDATE pgautofailover.node
   SET reportedstate = 'apply_settings',
       goalstate = 'primary'
 WHERE formationid = 'fclmc_test' AND nodename = 'fclmc_p';
-- Manufacture the candidate fully converged at prepare_promotion, same
-- technique as Scenario A/B.
UPDATE pgautofailover.node
   SET reportedstate = 'prepare_promotion',
       goalstate = 'prepare_promotion'
 WHERE formationid = 'fclmc_test' AND nodename = 'fclmc_s';
SELECT assigned_group_state
  FROM pgautofailover.node_active('fclmc_test', :ns, 0,
                                  current_group_role => 'prepare_promotion',
                                  current_lsn => '0/5000');
-[ RECORD 1 ]--------+------------------
assigned_group_state | prepare_promotion

-- ASSERT: fclmc_s's goalstate is still 'prepare_promotion' (deferred, no
-- action taken this tick), and fclmc_p's goalstate is untouched at
-- 'primary' -- neither Rule 2 branch may fire while the primary is healthy
-- and still converging toward its own goal.
-- Before the "settled" guard: this would have incorrectly matched the
-- direct-promotion fallback (reportedState 'apply_settings' is not in the
-- demote_timeout-reachable set), promoting fclmc_s to wait_primary right
-- as fclmc_p was legitimately about to reach primary on its own -- two
-- simultaneously-writable nodes.
SELECT nodename, reportedstate, goalstate
  FROM pgautofailover.node
 WHERE formationid = 'fclmc_test'
 ORDER BY nodename;
-[ RECORD 1 ]-+------------------
nodename      | fclmc_p
reportedstate | apply_settings
goalstate     | primary
-[ RECORD 2 ]-+------------------
nodename      | fclmc_s
reportedstate | prepare_promotion
goalstate     | prepare_promotion

