-- Copyright (c) Microsoft Corporation. All rights reserved.
-- Licensed under the PostgreSQL License.
--
-- Regression tests for pgautofailover.guard_data_loss GUC.
--
-- Verifies that:
--   1. With guard_data_loss=true (default), a 3-node failover stuck in the
--      report_lsn phase (one quorum node has not yet reported) does NOT
--      proceed -- perform_failover returns without selecting a candidate.
--
--   2. With guard_data_loss=false the same scenario proceeds: the surviving
--      report_lsn node is selected as the failover candidate even though
--      the other quorum node never reported its LSN.
--
\x on
-- ── formation setup ──────────────────────────────────────────────────────────
SELECT pgautofailover.create_formation('gdl_test', 'pgsql', 'postgres', true, 1);
-[ RECORD 1 ]----+------------------------------
create_formation | (gdl_test,pgsql,postgres,t,1)

-- Register three nodes (number_sync_standbys=1, so two quorum standbys needed
-- to safely commit).
SELECT *
  FROM pgautofailover.register_node('gdl_test', 'p', 5432,
                                    'postgres', 'p', 1);
-[ RECORD 1 ]---------------+-------
assigned_node_id            | 10
assigned_group_id           | 0
assigned_group_state        | single
assigned_candidate_priority | 100
assigned_replication_quorum | t
assigned_node_name          | p

SELECT nodeid AS np FROM pgautofailover.node
 WHERE formationid = 'gdl_test' AND nodename = 'p' \gset
SELECT *
  FROM pgautofailover.register_node('gdl_test', 's1', 5432,
                                    'postgres', 's1', 1);
-[ RECORD 1 ]---------------+-------------
assigned_node_id            | 11
assigned_group_id           | 0
assigned_group_state        | wait_standby
assigned_candidate_priority | 100
assigned_replication_quorum | t
assigned_node_name          | s1

SELECT nodeid AS ns1 FROM pgautofailover.node
 WHERE formationid = 'gdl_test' AND nodename = 's1' \gset
SELECT *
  FROM pgautofailover.register_node('gdl_test', 's2', 5432,
                                    'postgres', 's2', 1);
-[ RECORD 1 ]---------------+-------------
assigned_node_id            | 12
assigned_group_id           | 0
assigned_group_state        | wait_standby
assigned_candidate_priority | 100
assigned_replication_quorum | t
assigned_node_name          | s2

SELECT nodeid AS ns2 FROM pgautofailover.node
 WHERE formationid = 'gdl_test' AND nodename = 's2' \gset
-- ── bootstrap ────────────────────────────────────────────────────────────────
--
-- Drive the FSM from init through to primary + secondary + secondary.
-- p: single (confirm)
SELECT assigned_group_state
  FROM pgautofailover.node_active('gdl_test', :np, 0,
                                  current_group_role => 'single');
-[ RECORD 1 ]--------+-------
assigned_group_state | single

-- s1: wait_standby (confirm)
SELECT assigned_group_state
  FROM pgautofailover.node_active('gdl_test', :ns1, 0,
                                  current_group_role => 'wait_standby');
-[ RECORD 1 ]--------+-------------
assigned_group_state | wait_standby

-- p: single → wait_primary
SELECT assigned_group_state
  FROM pgautofailover.node_active('gdl_test', :np, 0,
                                  current_group_role => 'single',
                                  current_lsn => '0/5000');
-[ RECORD 1 ]--------+-------------
assigned_group_state | wait_primary

-- p: wait_primary (confirm)
SELECT assigned_group_state
  FROM pgautofailover.node_active('gdl_test', :np, 0,
                                  current_group_role => 'wait_primary',
                                  current_lsn => '0/5000');
-[ RECORD 1 ]--------+-------------
assigned_group_state | wait_primary

-- s1: wait_standby → catchingup
SELECT assigned_group_state
  FROM pgautofailover.node_active('gdl_test', :ns1, 0,
                                  current_group_role => 'wait_standby');
-[ RECORD 1 ]--------+-----------
assigned_group_state | catchingup

-- s1: catchingup → secondary
SELECT assigned_group_state
  FROM pgautofailover.node_active('gdl_test', :ns1, 0,
                                  current_group_role => 'catchingup',
                                  current_lsn => '0/5000');
-[ RECORD 1 ]--------+----------
assigned_group_state | secondary

-- s1: secondary (confirm)
SELECT assigned_group_state
  FROM pgautofailover.node_active('gdl_test', :ns1, 0,
                                  current_group_role => 'secondary',
                                  current_lsn => '0/5000');
-[ RECORD 1 ]--------+----------
assigned_group_state | secondary

-- p: wait_primary → primary (now that s1 is secondary)
SELECT assigned_group_state
  FROM pgautofailover.node_active('gdl_test', :np, 0,
                                  current_group_role => 'wait_primary',
                                  current_lsn => '0/5000');
-[ RECORD 1 ]--------+--------
assigned_group_state | primary

-- p: primary (confirm)
SELECT assigned_group_state
  FROM pgautofailover.node_active('gdl_test', :np, 0,
                                  current_group_role => 'primary',
                                  current_lsn => '0/5000');
-[ RECORD 1 ]--------+--------
assigned_group_state | primary

-- s1: secondary (confirm after primary confirmed)
SELECT assigned_group_state
  FROM pgautofailover.node_active('gdl_test', :ns1, 0,
                                  current_group_role => 'secondary',
                                  current_lsn => '0/5000');
-[ RECORD 1 ]--------+----------
assigned_group_state | secondary

-- s2: wait_standby (confirm)
SELECT assigned_group_state
  FROM pgautofailover.node_active('gdl_test', :ns2, 0,
                                  current_group_role => 'wait_standby');
-[ RECORD 1 ]--------+-----------
assigned_group_state | catchingup

-- s2: catchingup
SELECT assigned_group_state
  FROM pgautofailover.node_active('gdl_test', :ns2, 0,
                                  current_group_role => 'catchingup',
                                  current_lsn => '0/5000');
-[ RECORD 1 ]--------+-----------
assigned_group_state | catchingup

-- s2: secondary
SELECT assigned_group_state
  FROM pgautofailover.node_active('gdl_test', :ns2, 0,
                                  current_group_role => 'secondary',
                                  current_lsn => '0/5000');
-[ RECORD 1 ]--------+-----------
assigned_group_state | catchingup

-- p: primary (refresh to pick up new secondary)
SELECT assigned_group_state
  FROM pgautofailover.node_active('gdl_test', :np, 0,
                                  current_group_role => 'primary',
                                  current_lsn => '0/5000');
-[ RECORD 1 ]--------+---------------
assigned_group_state | apply_settings

-- Verify final formation state: p=primary, s1=secondary, s2=secondary.
SELECT nodename, goalstate, reportedstate
  FROM pgautofailover.node
 WHERE formationid = 'gdl_test'
 ORDER BY nodename;
-[ RECORD 1 ]-+---------------
nodename      | p
goalstate     | apply_settings
reportedstate | primary
-[ RECORD 2 ]-+---------------
nodename      | s1
goalstate     | secondary
reportedstate | secondary
-[ RECORD 3 ]-+---------------
nodename      | s2
goalstate     | catchingup
reportedstate | secondary

-- ── simulate stuck failover ──────────────────────────────────────────────────
--
-- Kill the primary (p) and one quorum standby (s2) simultaneously.
-- We simulate this by:
--   1. Marking p and s2 as unhealthy (health=BAD, old reporttime).
--   2. Manually placing s1 in report_lsn/report_lsn (it already called
--      node_active and transitioned itself), while s2 is still in
--      secondary/secondary with goalState=report_lsn assigned (missing).
--
-- This mirrors what happens in production: the monitor assigns report_lsn
-- to all standbys, s1 reports immediately, but s2 is dead and never will.
SET pgautofailover.startup_grace_period = 1;
-- Mark p as dead (health=BAD, stale report).
UPDATE pgautofailover.node
   SET health = 0,
       healthchecktime = now(),
       reporttime = now() - interval '60 seconds'
 WHERE formationid = 'gdl_test' AND nodename = 'p';
-- Mark s2 as dead as well (health=BAD, stale report, pgIsRunning=false).
UPDATE pgautofailover.node
   SET health = 0,
       healthchecktime = now(),
       reporttime = now() - interval '60 seconds',
       reportedpgisrunning = false
 WHERE formationid = 'gdl_test' AND nodename = 's2';
-- Demote p: set it to draining/draining so the FSM sees no primary.
UPDATE pgautofailover.node
   SET goalstate = 'draining', reportedstate = 'draining'
 WHERE formationid = 'gdl_test' AND nodename = 'p';
-- Put s1 in report_lsn/report_lsn (it already ran node_active and confirmed).
UPDATE pgautofailover.node
   SET goalstate = 'report_lsn', reportedstate = 'report_lsn'
 WHERE formationid = 'gdl_test' AND nodename = 's1';
-- Put s2 in secondary/secondary with goalState=report_lsn assigned but NOT
-- yet confirmed (missingNodesCount will be > 0 for s2).
UPDATE pgautofailover.node
   SET goalstate = 'report_lsn', reportedstate = 'secondary'
 WHERE formationid = 'gdl_test' AND nodename = 's2';
-- Verify the manufactured stuck state.
SELECT nodename, goalstate, reportedstate, health
  FROM pgautofailover.node
 WHERE formationid = 'gdl_test'
 ORDER BY nodename;
-[ RECORD 1 ]-+-----------
nodename      | p
goalstate     | draining
reportedstate | draining
health        | 0
-[ RECORD 2 ]-+-----------
nodename      | s1
goalstate     | report_lsn
reportedstate | report_lsn
health        | -1
-[ RECORD 3 ]-+-----------
nodename      | s2
goalstate     | report_lsn
reportedstate | secondary
health        | 0

-- ── test 1: guard_data_loss = true (default) blocks ─────────────────────────
--
-- perform_failover should find no primary, locate s1 in report_lsn, drive
-- ProceedGroupState for s1, which calls ProceedGroupStateForMSFailover, which
-- hits the guard and returns false without selecting a candidate.
-- The node states should remain unchanged (no candidate selected).
-- Default is true; make it explicit.
SET pgautofailover.guard_data_loss TO true;
SELECT pgautofailover.perform_failover('gdl_test', 0);
-[ RECORD 1 ]----+-
perform_failover | 

-- States must be unchanged: no candidate was promoted.
SELECT nodename, goalstate, reportedstate
  FROM pgautofailover.node
 WHERE formationid = 'gdl_test'
 ORDER BY nodename;
-[ RECORD 1 ]-+-----------
nodename      | p
goalstate     | draining
reportedstate | draining
-[ RECORD 2 ]-+-----------
nodename      | s1
goalstate     | report_lsn
reportedstate | report_lsn
-[ RECORD 3 ]-+-----------
nodename      | s2
goalstate     | report_lsn
reportedstate | secondary

-- ── test 2: guard_data_loss = false allows progress ─────────────────────────
--
-- With guard_data_loss disabled the failover proceeds despite s2 being missing.
-- s1 (the only node in report_lsn) should be selected as the candidate and
-- transition toward prepare_promotion / stop_replication.
SET pgautofailover.guard_data_loss TO false;
SELECT pgautofailover.perform_failover('gdl_test', 0);
-[ RECORD 1 ]----+-
perform_failover | 

-- s1 should now have a goal state of prepare_promotion or stop_replication,
-- indicating the failover candidate was selected.
SELECT nodename, goalstate, reportedstate
  FROM pgautofailover.node
 WHERE formationid = 'gdl_test'
 ORDER BY nodename;
-[ RECORD 1 ]-+------------------
nodename      | p
goalstate     | draining
reportedstate | draining
-[ RECORD 2 ]-+------------------
nodename      | s1
goalstate     | prepare_promotion
reportedstate | report_lsn
-[ RECORD 3 ]-+------------------
nodename      | s2
goalstate     | report_lsn
reportedstate | secondary

RESET pgautofailover.guard_data_loss;
RESET pgautofailover.startup_grace_period;
-- event summary: which MonitorFSM[] rule (if any) produced each of this
-- test's own state-change events. Exercises pgautofailover.last_events()
-- against a real scenario -- its own SELECT list didn't match
-- pgautofailover.event's column set for a long time, breaking it outright,
-- and nothing in this suite ever called it to notice (see monitor.sql's
-- own minimal-repro coverage). eventid/eventtime omitted: eventid is a
-- database-wide sequence shared by every test in this schedule (see
-- regress_schedule's own comment) and eventtime is a live timestamp --
-- neither is a stable value to pin in this file's own expected output.
SELECT reportedstate, goalstate, rule_pos, rule_section, description
  FROM pgautofailover.last_events('gdl_test', count => 100);
-[ RECORD 1 ]-+---------------------------------------------------------------------------------------------------------------------------------------------------------------------------------------------------------
reportedstate | init
goalstate     | single
rule_pos      | 209
rule_section  | early_checks
description   | alone in group, candidate-eligible -> single
-[ RECORD 2 ]-+---------------------------------------------------------------------------------------------------------------------------------------------------------------------------------------------------------
reportedstate | single
goalstate     | single
rule_pos      | 
rule_section  | 
description   | New state is reported by node 10 "p" (p:5432): "single"
-[ RECORD 3 ]-+---------------------------------------------------------------------------------------------------------------------------------------------------------------------------------------------------------
reportedstate | wait_standby
goalstate     | wait_standby
rule_pos      | 
rule_section  | 
description   | New state is reported by node 11 "s1" (s1:5432): "wait_standby"
-[ RECORD 4 ]-+---------------------------------------------------------------------------------------------------------------------------------------------------------------------------------------------------------
reportedstate | single
goalstate     | wait_primary
rule_pos      | 401
rule_section  | primary_node
description   | primary alone, another node reached wait_standby -> wait_primary
-[ RECORD 5 ]-+---------------------------------------------------------------------------------------------------------------------------------------------------------------------------------------------------------
reportedstate | wait_primary
goalstate     | wait_primary
rule_pos      | 
rule_section  | 
description   | New state is reported by node 10 "p" (p:5432): "wait_primary"
-[ RECORD 6 ]-+---------------------------------------------------------------------------------------------------------------------------------------------------------------------------------------------------------
reportedstate | wait_standby
goalstate     | catchingup
rule_pos      | 315
rule_section  | reporting_node
description   | wait_standby, primary converged wait/join_primary -> catchingup
-[ RECORD 7 ]-+---------------------------------------------------------------------------------------------------------------------------------------------------------------------------------------------------------
reportedstate | catchingup
goalstate     | catchingup
rule_pos      | 
rule_section  | 
description   | New state is reported by node 11 "s1" (s1:5432): "catchingup"
-[ RECORD 8 ]-+---------------------------------------------------------------------------------------------------------------------------------------------------------------------------------------------------------
reportedstate | catchingup
goalstate     | secondary
rule_pos      | 321
rule_section  | reporting_node
description   | caught up, same TLI as primary, within sync threshold -> secondary
-[ RECORD 9 ]-+---------------------------------------------------------------------------------------------------------------------------------------------------------------------------------------------------------
reportedstate | secondary
goalstate     | secondary
rule_pos      | 
rule_section  | 
description   | New state is reported by node 11 "s1" (s1:5432): "secondary"
-[ RECORD 10 ]+---------------------------------------------------------------------------------------------------------------------------------------------------------------------------------------------------------
reportedstate | wait_primary
goalstate     | primary
rule_pos      | 411
rule_section  | primary_node
description   | wait_primary, >=1 quorum secondary -> primary (+ unhealthy-secondary fan-out to catchingup)
-[ RECORD 11 ]+---------------------------------------------------------------------------------------------------------------------------------------------------------------------------------------------------------
reportedstate | primary
goalstate     | primary
rule_pos      | 
rule_section  | 
description   | New state is reported by node 10 "p" (p:5432): "primary"
-[ RECORD 12 ]+---------------------------------------------------------------------------------------------------------------------------------------------------------------------------------------------------------
reportedstate | wait_standby
goalstate     | wait_standby
rule_pos      | 
rule_section  | 
description   | New state is reported by node 12 "s2" (s2:5432): "wait_standby"
-[ RECORD 13 ]+---------------------------------------------------------------------------------------------------------------------------------------------------------------------------------------------------------
reportedstate | wait_standby
goalstate     | catchingup
rule_pos      | 317
rule_section  | reporting_node
description   | wait_standby (quorum member), primary converged primary -> catchingup + apply_settings
-[ RECORD 14 ]+---------------------------------------------------------------------------------------------------------------------------------------------------------------------------------------------------------
reportedstate | primary
goalstate     | apply_settings
rule_pos      | 317
rule_section  | reporting_node
description   | wait_standby (quorum member), primary converged primary -> catchingup + apply_settings
-[ RECORD 15 ]+---------------------------------------------------------------------------------------------------------------------------------------------------------------------------------------------------------
reportedstate | catchingup
goalstate     | catchingup
rule_pos      | 
rule_section  | 
description   | New state is reported by node 12 "s2" (s2:5432): "catchingup"
-[ RECORD 16 ]+---------------------------------------------------------------------------------------------------------------------------------------------------------------------------------------------------------
reportedstate | secondary
goalstate     | catchingup
rule_pos      | 
rule_section  | 
description   | New state is reported by node 12 "s2" (s2:5432): "secondary"
-[ RECORD 17 ]+---------------------------------------------------------------------------------------------------------------------------------------------------------------------------------------------------------
reportedstate | report_lsn
goalstate     | prepare_promotion
rule_pos      | 375
rule_section  | reporting_node
description   | MS-failover: no promotion in flight, most-advanced candidate within threshold, selected candidate already has all WAL -> prepare_promotion (1 of 2 -- see this row's own comment on why both are listed)

