-- Copyright (c) Microsoft Corporation. All rights reserved.
-- Licensed under the PostgreSQL License.
--
-- Two-step check of the real keeper FSM (KeeperFSM[], src/bin/pg_autoctl/
-- fsm.c) against the monitor's own MonitorFSM[] table, using the
-- keeper_fsm_edges.json fixture committed alongside this file. That fixture
-- is generated from the real KeeperFSM[] via
-- "pg_autoctl inspect fsm list --json" (KeeperFSMToJSON(), fsm.c) -- see
-- cli_do_fsm_list's own comment for how that command runs with zero setup
-- (no --pgdata, no live cluster) -- and must be regenerated by hand
-- whenever KeeperFSM[] changes; this test only reads the fixture, it never
-- runs pg_autoctl itself.
--
-- Step 1: load the fixture client-side (psql's own backtick file
-- embedding, not server-side pg_read_file() -- the latter is
-- superuser/pg_read_server_files-gated and resolves relative paths against
-- $PGDATA, not this test's own directory) into a real table, one row per
-- distinct keeper edge, so this test's own expected/keeper_fsm_edges.out
-- shows the whole keeper FSM line by line, human-reviewable, with a diff on
-- every change to KeeperFSM[] -- the same discipline fsm.sql's own dump
-- already gives MonitorFSM[]. DISTINCT: KeeperFSMToJSON()'s ANY_STATE
-- expansion (see its own comment, fsm.c) can make two different
-- KeeperFSM[] rows resolve to the exact same (current, assigned) pair --
-- the JSON has no per-row provenance to tell such duplicates apart by, so
-- they carry no extra information here and would only clutter the
-- reviewable list.
\set keeper_json `cat keeper_fsm_edges.json`
CREATE TABLE keeper_fsm_edges AS
SELECT DISTINCT
       (edge ->> 'current')::pgautofailover.replication_state AS current_state,
       (edge ->> 'assigned')::pgautofailover.replication_state AS assigned_state
  FROM jsonb_array_elements(:'keeper_json'::jsonb) AS edge;
SELECT * FROM keeper_fsm_edges ORDER BY current_state, assigned_state;
    current_state    |   assigned_state    
---------------------+---------------------
 init                | single
 init                | wait_standby
 init                | report_lsn
 init                | dropped
 single              | wait_primary
 single              | dropped
 wait_primary        | single
 wait_primary        | primary
 wait_primary        | demoted
 wait_primary        | join_primary
 wait_primary        | apply_settings
 wait_primary        | dropped
 primary             | single
 primary             | wait_primary
 primary             | draining
 primary             | demote_timeout
 primary             | demoted
 primary             | maintenance
 primary             | join_primary
 primary             | apply_settings
 primary             | prepare_maintenance
 primary             | dropped
 draining            | single
 draining            | demote_timeout
 draining            | demoted
 draining            | report_lsn
 draining            | dropped
 demote_timeout      | single
 demote_timeout      | primary
 demote_timeout      | demoted
 demote_timeout      | dropped
 demoted             | single
 demoted             | catchingup
 demoted             | report_lsn
 demoted             | dropped
 catchingup          | single
 catchingup          | secondary
 catchingup          | prepare_promotion
 catchingup          | maintenance
 catchingup          | wait_maintenance
 catchingup          | report_lsn
 catchingup          | dropped
 secondary           | single
 secondary           | catchingup
 secondary           | prepare_promotion
 secondary           | wait_standby
 secondary           | maintenance
 secondary           | wait_maintenance
 secondary           | report_lsn
 secondary           | dropped
 prepare_promotion   | single
 prepare_promotion   | wait_primary
 prepare_promotion   | stop_replication
 prepare_promotion   | dropped
 stop_replication    | single
 stop_replication    | wait_primary
 stop_replication    | dropped
 wait_standby        | catchingup
 wait_standby        | dropped
 maintenance         | catchingup
 maintenance         | report_lsn
 maintenance         | dropped
 join_primary        | single
 join_primary        | wait_primary
 join_primary        | primary
 join_primary        | draining
 join_primary        | demote_timeout
 join_primary        | demoted
 join_primary        | dropped
 apply_settings      | single
 apply_settings      | wait_primary
 apply_settings      | primary
 apply_settings      | draining
 apply_settings      | demote_timeout
 apply_settings      | demoted
 apply_settings      | join_primary
 apply_settings      | dropped
 prepare_maintenance | catchingup
 prepare_maintenance | maintenance
 prepare_maintenance | report_lsn
 prepare_maintenance | dropped
 wait_maintenance    | maintenance
 wait_maintenance    | dropped
 report_lsn          | single
 report_lsn          | secondary
 report_lsn          | prepare_promotion
 report_lsn          | fast_forward
 report_lsn          | join_secondary
 report_lsn          | dropped
 fast_forward        | prepare_promotion
 fast_forward        | dropped
 join_secondary      | secondary
 join_secondary      | dropped
 dropped             | single
 dropped             | wait_standby
 dropped             | report_lsn
 dropped             | dropped
(97 rows)

-- Step 2: the actual cross-check -- every pgautofailover.dump_fsm_edges()
-- edge the keeper_fsm_edges table above has no matching row for. A
-- non-empty result here is a real, actionable gap (unlike
-- check_fsm_reachability.sql's own synthetic-input test, which only
-- exercises the comparison mechanism itself, not real data): see this
-- project's own investigation of these mismatches (dump_fsm_edges()'s own
-- comment, group_state_machine.c, and the design doc) for which of them
-- are genuine keeper gaps versus artifacts already excluded upstream.
SELECT e.pos, e.current_state, e.assigned_state, f.comment
  FROM pgautofailover.dump_fsm_edges() e
  JOIN pgautofailover.fsm f ON f.pos = e.pos
 WHERE NOT EXISTS (
         SELECT 1
           FROM keeper_fsm_edges k
          WHERE k.current_state = e.current_state
            AND k.assigned_state = e.assigned_state
       )
 ORDER BY e.pos, e.current_state;
 pos |    current_state    | assigned_state |                                                       comment                                                        
-----+---------------------+----------------+----------------------------------------------------------------------------------------------------------------------
 209 | wait_standby        | single         | alone in group, candidate-eligible -> single
 209 | maintenance         | single         | alone in group, candidate-eligible -> single
 209 | prepare_maintenance | single         | alone in group, candidate-eligible -> single
 209 | wait_maintenance    | single         | alone in group, candidate-eligible -> single
 209 | fast_forward        | single         | alone in group, candidate-eligible -> single
 209 | join_secondary      | single         | alone in group, candidate-eligible -> single
 211 | wait_primary        | report_lsn     | alone in group, candidatePriority zero -> report_lsn
 211 | primary             | report_lsn     | alone in group, candidatePriority zero -> report_lsn
 211 | demote_timeout      | report_lsn     | alone in group, candidatePriority zero -> report_lsn
 211 | prepare_promotion   | report_lsn     | alone in group, candidatePriority zero -> report_lsn
 211 | stop_replication    | report_lsn     | alone in group, candidatePriority zero -> report_lsn
 211 | wait_standby        | report_lsn     | alone in group, candidatePriority zero -> report_lsn
 211 | join_primary        | report_lsn     | alone in group, candidatePriority zero -> report_lsn
 211 | apply_settings      | report_lsn     | alone in group, candidatePriority zero -> report_lsn
 211 | wait_maintenance    | report_lsn     | alone in group, candidatePriority zero -> report_lsn
 211 | fast_forward        | report_lsn     | alone in group, candidatePriority zero -> report_lsn
 211 | join_secondary      | report_lsn     | alone in group, candidatePriority zero -> report_lsn
 303 | init                | wait_primary   | primary healthy, no standby past replication_stall_timeout -> wait_primary
 303 | draining            | wait_primary   | primary healthy, no standby past replication_stall_timeout -> wait_primary
 303 | demote_timeout      | wait_primary   | primary healthy, no standby past replication_stall_timeout -> wait_primary
 303 | demoted             | wait_primary   | primary healthy, no standby past replication_stall_timeout -> wait_primary
 303 | catchingup          | wait_primary   | primary healthy, no standby past replication_stall_timeout -> wait_primary
 303 | secondary           | wait_primary   | primary healthy, no standby past replication_stall_timeout -> wait_primary
 303 | wait_standby        | wait_primary   | primary healthy, no standby past replication_stall_timeout -> wait_primary
 303 | maintenance         | wait_primary   | primary healthy, no standby past replication_stall_timeout -> wait_primary
 303 | prepare_maintenance | wait_primary   | primary healthy, no standby past replication_stall_timeout -> wait_primary
 303 | wait_maintenance    | wait_primary   | primary healthy, no standby past replication_stall_timeout -> wait_primary
 303 | report_lsn          | wait_primary   | primary healthy, no standby past replication_stall_timeout -> wait_primary
 303 | fast_forward        | wait_primary   | primary healthy, no standby past replication_stall_timeout -> wait_primary
 303 | join_secondary      | wait_primary   | primary healthy, no standby past replication_stall_timeout -> wait_primary
 303 | dropped             | wait_primary   | primary healthy, no standby past replication_stall_timeout -> wait_primary
 325 | init                | draining       | primary fails, not already wait_primary -> secondary -> prepare_promotion, primary -> draining (2 of 2)
 325 | single              | draining       | primary fails, not already wait_primary -> secondary -> prepare_promotion, primary -> draining (2 of 2)
 325 | demote_timeout      | draining       | primary fails, not already wait_primary -> secondary -> prepare_promotion, primary -> draining (2 of 2)
 325 | demoted             | draining       | primary fails, not already wait_primary -> secondary -> prepare_promotion, primary -> draining (2 of 2)
 325 | catchingup          | draining       | primary fails, not already wait_primary -> secondary -> prepare_promotion, primary -> draining (2 of 2)
 325 | secondary           | draining       | primary fails, not already wait_primary -> secondary -> prepare_promotion, primary -> draining (2 of 2)
 325 | prepare_promotion   | draining       | primary fails, not already wait_primary -> secondary -> prepare_promotion, primary -> draining (2 of 2)
 325 | stop_replication    | draining       | primary fails, not already wait_primary -> secondary -> prepare_promotion, primary -> draining (2 of 2)
 325 | wait_standby        | draining       | primary fails, not already wait_primary -> secondary -> prepare_promotion, primary -> draining (2 of 2)
 325 | maintenance         | draining       | primary fails, not already wait_primary -> secondary -> prepare_promotion, primary -> draining (2 of 2)
 325 | prepare_maintenance | draining       | primary fails, not already wait_primary -> secondary -> prepare_promotion, primary -> draining (2 of 2)
 325 | wait_maintenance    | draining       | primary fails, not already wait_primary -> secondary -> prepare_promotion, primary -> draining (2 of 2)
 325 | report_lsn          | draining       | primary fails, not already wait_primary -> secondary -> prepare_promotion, primary -> draining (2 of 2)
 325 | fast_forward        | draining       | primary fails, not already wait_primary -> secondary -> prepare_promotion, primary -> draining (2 of 2)
 325 | join_secondary      | draining       | primary fails, not already wait_primary -> secondary -> prepare_promotion, primary -> draining (2 of 2)
 325 | dropped             | draining       | primary fails, not already wait_primary -> secondary -> prepare_promotion, primary -> draining (2 of 2)
 333 | init                | demoted        | Citus worker prepare_promotion, primary present -> wait_primary + demoted
 333 | single              | demoted        | Citus worker prepare_promotion, primary present -> wait_primary + demoted
 333 | catchingup          | demoted        | Citus worker prepare_promotion, primary present -> wait_primary + demoted
 333 | secondary           | demoted        | Citus worker prepare_promotion, primary present -> wait_primary + demoted
 333 | prepare_promotion   | demoted        | Citus worker prepare_promotion, primary present -> wait_primary + demoted
 333 | stop_replication    | demoted        | Citus worker prepare_promotion, primary present -> wait_primary + demoted
 333 | wait_standby        | demoted        | Citus worker prepare_promotion, primary present -> wait_primary + demoted
 333 | maintenance         | demoted        | Citus worker prepare_promotion, primary present -> wait_primary + demoted
 333 | prepare_maintenance | demoted        | Citus worker prepare_promotion, primary present -> wait_primary + demoted
 333 | wait_maintenance    | demoted        | Citus worker prepare_promotion, primary present -> wait_primary + demoted
 333 | report_lsn          | demoted        | Citus worker prepare_promotion, primary present -> wait_primary + demoted
 333 | fast_forward        | demoted        | Citus worker prepare_promotion, primary present -> wait_primary + demoted
 333 | join_secondary      | demoted        | Citus worker prepare_promotion, primary present -> wait_primary + demoted
 333 | dropped             | demoted        | Citus worker prepare_promotion, primary present -> wait_primary + demoted
 339 | init                | demote_timeout | prepare_promotion, primary present, not in maintenance -> stop_replication + demote_timeout (2 of 2)
 339 | single              | demote_timeout | prepare_promotion, primary present, not in maintenance -> stop_replication + demote_timeout (2 of 2)
 339 | demoted             | demote_timeout | prepare_promotion, primary present, not in maintenance -> stop_replication + demote_timeout (2 of 2)
 339 | catchingup          | demote_timeout | prepare_promotion, primary present, not in maintenance -> stop_replication + demote_timeout (2 of 2)
 339 | secondary           | demote_timeout | prepare_promotion, primary present, not in maintenance -> stop_replication + demote_timeout (2 of 2)
 339 | prepare_promotion   | demote_timeout | prepare_promotion, primary present, not in maintenance -> stop_replication + demote_timeout (2 of 2)
 339 | stop_replication    | demote_timeout | prepare_promotion, primary present, not in maintenance -> stop_replication + demote_timeout (2 of 2)
 339 | wait_standby        | demote_timeout | prepare_promotion, primary present, not in maintenance -> stop_replication + demote_timeout (2 of 2)
 339 | maintenance         | demote_timeout | prepare_promotion, primary present, not in maintenance -> stop_replication + demote_timeout (2 of 2)
 339 | prepare_maintenance | demote_timeout | prepare_promotion, primary present, not in maintenance -> stop_replication + demote_timeout (2 of 2)
 339 | wait_maintenance    | demote_timeout | prepare_promotion, primary present, not in maintenance -> stop_replication + demote_timeout (2 of 2)
 339 | report_lsn          | demote_timeout | prepare_promotion, primary present, not in maintenance -> stop_replication + demote_timeout (2 of 2)
 339 | fast_forward        | demote_timeout | prepare_promotion, primary present, not in maintenance -> stop_replication + demote_timeout (2 of 2)
 339 | join_secondary      | demote_timeout | prepare_promotion, primary present, not in maintenance -> stop_replication + demote_timeout (2 of 2)
 339 | dropped             | demote_timeout | prepare_promotion, primary present, not in maintenance -> stop_replication + demote_timeout (2 of 2)
 347 | init                | demoted        | stop_replication, primary's drain time expired -> wait_primary + demoted (2 of 3)
 347 | single              | demoted        | stop_replication, primary's drain time expired -> wait_primary + demoted (2 of 3)
 347 | catchingup          | demoted        | stop_replication, primary's drain time expired -> wait_primary + demoted (2 of 3)
 347 | secondary           | demoted        | stop_replication, primary's drain time expired -> wait_primary + demoted (2 of 3)
 347 | prepare_promotion   | demoted        | stop_replication, primary's drain time expired -> wait_primary + demoted (2 of 3)
 347 | stop_replication    | demoted        | stop_replication, primary's drain time expired -> wait_primary + demoted (2 of 3)
 347 | wait_standby        | demoted        | stop_replication, primary's drain time expired -> wait_primary + demoted (2 of 3)
 347 | maintenance         | demoted        | stop_replication, primary's drain time expired -> wait_primary + demoted (2 of 3)
 347 | prepare_maintenance | demoted        | stop_replication, primary's drain time expired -> wait_primary + demoted (2 of 3)
 347 | wait_maintenance    | demoted        | stop_replication, primary's drain time expired -> wait_primary + demoted (2 of 3)
 347 | report_lsn          | demoted        | stop_replication, primary's drain time expired -> wait_primary + demoted (2 of 3)
 347 | fast_forward        | demoted        | stop_replication, primary's drain time expired -> wait_primary + demoted (2 of 3)
 347 | join_secondary      | demoted        | stop_replication, primary's drain time expired -> wait_primary + demoted (2 of 3)
 347 | dropped             | demoted        | stop_replication, primary's drain time expired -> wait_primary + demoted (2 of 3)
 349 | init                | demoted        | stop_replication, primary's goal wait_primary but presumed dead -> wait_primary + demoted (3 of 3)
 349 | single              | demoted        | stop_replication, primary's goal wait_primary but presumed dead -> wait_primary + demoted (3 of 3)
 349 | catchingup          | demoted        | stop_replication, primary's goal wait_primary but presumed dead -> wait_primary + demoted (3 of 3)
 349 | secondary           | demoted        | stop_replication, primary's goal wait_primary but presumed dead -> wait_primary + demoted (3 of 3)
 349 | prepare_promotion   | demoted        | stop_replication, primary's goal wait_primary but presumed dead -> wait_primary + demoted (3 of 3)
 349 | stop_replication    | demoted        | stop_replication, primary's goal wait_primary but presumed dead -> wait_primary + demoted (3 of 3)
 349 | wait_standby        | demoted        | stop_replication, primary's goal wait_primary but presumed dead -> wait_primary + demoted (3 of 3)
 349 | maintenance         | demoted        | stop_replication, primary's goal wait_primary but presumed dead -> wait_primary + demoted (3 of 3)
 349 | prepare_maintenance | demoted        | stop_replication, primary's goal wait_primary but presumed dead -> wait_primary + demoted (3 of 3)
 349 | wait_maintenance    | demoted        | stop_replication, primary's goal wait_primary but presumed dead -> wait_primary + demoted (3 of 3)
 349 | report_lsn          | demoted        | stop_replication, primary's goal wait_primary but presumed dead -> wait_primary + demoted (3 of 3)
 349 | fast_forward        | demoted        | stop_replication, primary's goal wait_primary but presumed dead -> wait_primary + demoted (3 of 3)
 349 | join_secondary      | demoted        | stop_replication, primary's goal wait_primary but presumed dead -> wait_primary + demoted (3 of 3)
 349 | dropped             | demoted        | stop_replication, primary's goal wait_primary but presumed dead -> wait_primary + demoted (3 of 3)
 351 | init                | demoted        | Citus worker stop_replication, primary present -> wait_primary + demoted
 351 | single              | demoted        | Citus worker stop_replication, primary present -> wait_primary + demoted
 351 | catchingup          | demoted        | Citus worker stop_replication, primary present -> wait_primary + demoted
 351 | secondary           | demoted        | Citus worker stop_replication, primary present -> wait_primary + demoted
 351 | prepare_promotion   | demoted        | Citus worker stop_replication, primary present -> wait_primary + demoted
 351 | stop_replication    | demoted        | Citus worker stop_replication, primary present -> wait_primary + demoted
 351 | wait_standby        | demoted        | Citus worker stop_replication, primary present -> wait_primary + demoted
 351 | maintenance         | demoted        | Citus worker stop_replication, primary present -> wait_primary + demoted
 351 | prepare_maintenance | demoted        | Citus worker stop_replication, primary present -> wait_primary + demoted
 351 | wait_maintenance    | demoted        | Citus worker stop_replication, primary present -> wait_primary + demoted
 351 | report_lsn          | demoted        | Citus worker stop_replication, primary present -> wait_primary + demoted
 351 | fast_forward        | demoted        | Citus worker stop_replication, primary present -> wait_primary + demoted
 351 | join_secondary      | demoted        | Citus worker stop_replication, primary present -> wait_primary + demoted
 351 | dropped             | demoted        | Citus worker stop_replication, primary present -> wait_primary + demoted
 381 | init                | draining       | nodesCount>2, primary unhealthy, in primary role but not yet wait_primary, >=1 healthy candidate -> primary draining
 381 | single              | draining       | nodesCount>2, primary unhealthy, in primary role but not yet wait_primary, >=1 healthy candidate -> primary draining
 381 | demote_timeout      | draining       | nodesCount>2, primary unhealthy, in primary role but not yet wait_primary, >=1 healthy candidate -> primary draining
 381 | demoted             | draining       | nodesCount>2, primary unhealthy, in primary role but not yet wait_primary, >=1 healthy candidate -> primary draining
 381 | catchingup          | draining       | nodesCount>2, primary unhealthy, in primary role but not yet wait_primary, >=1 healthy candidate -> primary draining
 381 | secondary           | draining       | nodesCount>2, primary unhealthy, in primary role but not yet wait_primary, >=1 healthy candidate -> primary draining
 381 | prepare_promotion   | draining       | nodesCount>2, primary unhealthy, in primary role but not yet wait_primary, >=1 healthy candidate -> primary draining
 381 | stop_replication    | draining       | nodesCount>2, primary unhealthy, in primary role but not yet wait_primary, >=1 healthy candidate -> primary draining
 381 | wait_standby        | draining       | nodesCount>2, primary unhealthy, in primary role but not yet wait_primary, >=1 healthy candidate -> primary draining
 381 | maintenance         | draining       | nodesCount>2, primary unhealthy, in primary role but not yet wait_primary, >=1 healthy candidate -> primary draining
 381 | prepare_maintenance | draining       | nodesCount>2, primary unhealthy, in primary role but not yet wait_primary, >=1 healthy candidate -> primary draining
 381 | wait_maintenance    | draining       | nodesCount>2, primary unhealthy, in primary role but not yet wait_primary, >=1 healthy candidate -> primary draining
 381 | report_lsn          | draining       | nodesCount>2, primary unhealthy, in primary role but not yet wait_primary, >=1 healthy candidate -> primary draining
 381 | fast_forward        | draining       | nodesCount>2, primary unhealthy, in primary role but not yet wait_primary, >=1 healthy candidate -> primary draining
 381 | join_secondary      | draining       | nodesCount>2, primary unhealthy, in primary role but not yet wait_primary, >=1 healthy candidate -> primary draining
 381 | dropped             | draining       | nodesCount>2, primary unhealthy, in primary role but not yet wait_primary, >=1 healthy candidate -> primary draining
(134 rows)

DROP TABLE keeper_fsm_edges;
