-- Copyright (c) Microsoft Corporation. All rights reserved.
-- Licensed under the PostgreSQL License.
--
-- Regression coverage for the LockNodeGroupAndFetch()/
-- LockNodeGroupAndFetchByName() migration.
--
-- perform_promotion, start_maintenance, stop_maintenance,
-- set_node_candidate_priority, set_node_replication_quorum, and
-- update_node_metadata each used to read a node before taking
-- LockFormation()/LockNodeGroup(), then make a decision after locking
-- using mutable fields (reportedState, goalState, candidatePriority,
-- nodeCluster, ...) of that same pre-lock struct -- the same defect shape
-- already fixed in RemoveNode() and NodeActive() (Bug C) and
-- SetNodeHealthState() (Bug 6), just not yet proven to be hit by a
-- concrete reproducer for these six.
--
-- All six were migrated to LockNodeGroupAndFetch()/
-- LockNodeGroupAndFetchByName(), which lock first and return a fresh,
-- post-lock read -- this file only has none of these functions in the
-- existing REGRESS suite before this commit (grep confirms only
-- start_maintenance had any coverage, in node_active_protocol.sql, for an
-- unrelated NodeIsHealthy regression), so this exercises the happy path
-- for each of the six against a fresh formation, proving the migration
-- didn't change observable behavior.
\x on
-- ── formation and node registration ─────────────────────────────────────────
-- 3 nodes so set_node_candidate_priority's "at least 2 non-zero candidate
-- priority nodes" bookkeeping has something real to count.
SELECT pgautofailover.create_formation('lafm_test', 'pgsql', 'postgres', true, 1);
-[ RECORD 1 ]----+-------------------------------
create_formation | (lafm_test,pgsql,postgres,t,1)

SELECT pgautofailover.register_node('lafm_test', 'lafm_p', 5432, 'postgres', 'lafm_p', 1);
-[ RECORD 1 ]-+---------------------------
register_node | (21,0,single,100,t,lafm_p)

SELECT pgautofailover.register_node('lafm_test', 'lafm_s1', 5432, 'postgres', 'lafm_s1', 1);
-[ RECORD 1 ]-+----------------------------------
register_node | (22,0,wait_standby,100,t,lafm_s1)

SELECT pgautofailover.register_node('lafm_test', 'lafm_s2', 5432, 'postgres', 'lafm_s2', 1);
-[ RECORD 1 ]-+----------------------------------
register_node | (23,0,wait_standby,100,t,lafm_s2)

SELECT nodeid AS np FROM pgautofailover.node
 WHERE formationid = 'lafm_test' AND nodename = 'lafm_p' \gset
SELECT nodeid AS ns1 FROM pgautofailover.node
 WHERE formationid = 'lafm_test' AND nodename = 'lafm_s1' \gset
SELECT nodeid AS ns2 FROM pgautofailover.node
 WHERE formationid = 'lafm_test' AND nodename = 'lafm_s2' \gset
-- ── bootstrap: drive the FSM to primary + secondary + secondary ─────────────
SELECT assigned_group_state FROM pgautofailover.node_active('lafm_test', :np, 0,
    current_group_role => 'single');
-[ RECORD 1 ]--------+-------
assigned_group_state | single

SELECT assigned_group_state FROM pgautofailover.node_active('lafm_test', :ns1, 0,
    current_group_role => 'wait_standby');
-[ RECORD 1 ]--------+-------------
assigned_group_state | wait_standby

SELECT assigned_group_state FROM pgautofailover.node_active('lafm_test', :np, 0,
    current_group_role => 'single', current_lsn => '0/5000');
-[ RECORD 1 ]--------+-------------
assigned_group_state | wait_primary

SELECT assigned_group_state FROM pgautofailover.node_active('lafm_test', :np, 0,
    current_group_role => 'wait_primary', current_lsn => '0/5000');
-[ RECORD 1 ]--------+-------------
assigned_group_state | wait_primary

SELECT assigned_group_state FROM pgautofailover.node_active('lafm_test', :ns1, 0,
    current_group_role => 'wait_standby');
-[ RECORD 1 ]--------+-----------
assigned_group_state | catchingup

SELECT assigned_group_state FROM pgautofailover.node_active('lafm_test', :ns1, 0,
    current_group_role => 'catchingup', current_lsn => '0/5000');
-[ RECORD 1 ]--------+----------
assigned_group_state | secondary

SELECT assigned_group_state FROM pgautofailover.node_active('lafm_test', :ns1, 0,
    current_group_role => 'secondary', current_lsn => '0/5000');
-[ RECORD 1 ]--------+----------
assigned_group_state | secondary

SELECT assigned_group_state FROM pgautofailover.node_active('lafm_test', :np, 0,
    current_group_role => 'wait_primary', current_lsn => '0/5000');
-[ RECORD 1 ]--------+--------
assigned_group_state | primary

SELECT assigned_group_state FROM pgautofailover.node_active('lafm_test', :np, 0,
    current_group_role => 'primary', current_lsn => '0/5000');
-[ RECORD 1 ]--------+--------
assigned_group_state | primary

SELECT assigned_group_state FROM pgautofailover.node_active('lafm_test', :ns1, 0,
    current_group_role => 'secondary', current_lsn => '0/5000');
-[ RECORD 1 ]--------+----------
assigned_group_state | secondary

SELECT assigned_group_state FROM pgautofailover.node_active('lafm_test', :ns2, 0,
    current_group_role => 'wait_standby');
-[ RECORD 1 ]--------+-----------
assigned_group_state | catchingup

SELECT assigned_group_state FROM pgautofailover.node_active('lafm_test', :ns2, 0,
    current_group_role => 'catchingup', current_lsn => '0/5000');
-[ RECORD 1 ]--------+-----------
assigned_group_state | catchingup

SELECT assigned_group_state FROM pgautofailover.node_active('lafm_test', :ns2, 0,
    current_group_role => 'secondary', current_lsn => '0/5000');
-[ RECORD 1 ]--------+-----------
assigned_group_state | catchingup

SELECT assigned_group_state FROM pgautofailover.node_active('lafm_test', :np, 0,
    current_group_role => 'primary', current_lsn => '0/5000');
-[ RECORD 1 ]--------+---------------
assigned_group_state | apply_settings

-- lafm_p: confirm apply_settings, then re-confirm primary so it's fully
-- converged (goalstate == reportedstate == primary) before any of the
-- functions below check its state as a precondition.
SELECT assigned_group_state FROM pgautofailover.node_active('lafm_test', :np, 0,
    current_group_role => 'apply_settings', current_lsn => '0/5000');
-[ RECORD 1 ]--------+--------
assigned_group_state | primary

SELECT assigned_group_state FROM pgautofailover.node_active('lafm_test', :np, 0,
    current_group_role => 'primary', current_lsn => '0/5000');
-[ RECORD 1 ]--------+--------
assigned_group_state | primary

SELECT nodename, goalstate, reportedstate, candidatepriority, replicationquorum
  FROM pgautofailover.node
 WHERE formationid = 'lafm_test'
 ORDER BY nodename;
-[ RECORD 1 ]-----+-----------
nodename          | lafm_p
goalstate         | primary
reportedstate     | primary
candidatepriority | 100
replicationquorum | t
-[ RECORD 2 ]-----+-----------
nodename          | lafm_s1
goalstate         | secondary
reportedstate     | secondary
candidatepriority | 100
replicationquorum | t
-[ RECORD 3 ]-----+-----------
nodename          | lafm_s2
goalstate         | catchingup
reportedstate     | secondary
candidatepriority | 100
replicationquorum | t

-- ── perform_promotion: rejecting an already-primary target ──────────────────
--
-- Exercises the post-lock IsCurrentState(currentNode, PRIMARY) check that
-- used to run against the pre-lock struct.
SELECT pgautofailover.perform_promotion('lafm_test', 'lafm_p');
NOTICE:  cannot perform promotion: node lafm_p in formation lafm_test is already a primary.
-[ RECORD 1 ]-----+--
perform_promotion | f

-- ── set_node_candidate_priority: the "≥2 non-zero" NOTICE uses fresh counts ──
--
-- Exercises the post-lock currentNode->candidatePriority /
-- nodesGroupList-derived count that used to run against the pre-lock
-- struct and an independently-fetched (but still pre-decision) list.
-- lafm_s2 to zero: 2 non-zero candidates remain (lafm_p, lafm_s1) -- no NOTICE.
SELECT pgautofailover.set_node_candidate_priority('lafm_test', 'lafm_s2', 0);
-[ RECORD 1 ]---------------+--
set_node_candidate_priority | t

-- lafm_s1 to zero next: only 1 non-zero candidate would remain (lafm_p) --
-- must NOTICE "no failover candidate" using the fresh (not stale) count.
SELECT pgautofailover.set_node_candidate_priority('lafm_test', 'lafm_s1', 0);
NOTICE:  setting candidate priority to zero, preventing automated failover
DETAIL:  Group 0 in formation "lafm_test" have no failover candidate.
-[ RECORD 1 ]---------------+--
set_node_candidate_priority | t

SELECT nodename, candidatepriority
  FROM pgautofailover.node
 WHERE formationid = 'lafm_test'
 ORDER BY nodename;
-[ RECORD 1 ]-----+--------
nodename          | lafm_p
candidatepriority | 100
-[ RECORD 2 ]-----+--------
nodename          | lafm_s1
candidatepriority | 0
-[ RECORD 3 ]-----+--------
nodename          | lafm_s2
candidatepriority | 0

-- restore non-zero priorities for the remaining tests
SELECT pgautofailover.set_node_candidate_priority('lafm_test', 'lafm_s1', 100);
-[ RECORD 1 ]---------------+--
set_node_candidate_priority | t

SELECT pgautofailover.set_node_candidate_priority('lafm_test', 'lafm_s2', 100);
-[ RECORD 1 ]---------------+--
set_node_candidate_priority | t

-- ── set_node_replication_quorum ──────────────────────────────────────────────
--
-- Exercises the post-lock currentNode->replicationQuorum write and the
-- FormationNumSyncStandbyIsValid() check that follows it.
SELECT pgautofailover.set_node_replication_quorum('lafm_test', 'lafm_s2', false);
ERROR:  can't set replication quorum to false
DETAIL:  At least 2 standby nodes are required in formation lafm_test with number_sync_standbys = 1, and only 1 would be participating in the replication quorum
SELECT nodename, replicationquorum
  FROM pgautofailover.node
 WHERE formationid = 'lafm_test'
 ORDER BY nodename;
-[ RECORD 1 ]-----+--------
nodename          | lafm_p
replicationquorum | t
-[ RECORD 2 ]-----+--------
nodename          | lafm_s1
replicationquorum | t
-[ RECORD 3 ]-----+--------
nodename          | lafm_s2
replicationquorum | t

SELECT pgautofailover.set_node_replication_quorum('lafm_test', 'lafm_s2', true);
-[ RECORD 1 ]---------------+--
set_node_replication_quorum | t

-- ── update_node_metadata ──────────────────────────────────────────────────────
--
-- Exercises the post-lock currentNode->nodeName/nodeHost/nodePort fallback
-- defaults that used to be read from the pre-lock struct.
SELECT pgautofailover.update_node_metadata(:ns2, 'lafm_s2_renamed', 'lafm_s2', 5432);
-[ RECORD 1 ]--------+--
update_node_metadata | t

SELECT nodename, nodehost, nodeport
  FROM pgautofailover.node
 WHERE formationid = 'lafm_test' AND nodeid = :ns2;
-[ RECORD 1 ]-------------
nodename | lafm_s2_renamed
nodehost | lafm_s2
nodeport | 5432

-- ── start_maintenance / stop_maintenance on a secondary ──────────────────────
--
-- start_maintenance already has coverage elsewhere (node_active_protocol.sql,
-- a different regression); stop_maintenance had none. Exercises the
-- post-lock IsCurrentState(MAINTENANCE/PREPARE_MAINTENANCE) checks in both.
--
-- The candidate-priority/replication-quorum changes above updated
-- synchronous_standby_names, so lafm_p needs to re-settle
-- (goalstate == reportedstate == primary) before start_maintenance's own
-- "is the primary in a stable state" precondition will pass.
SELECT assigned_group_state FROM pgautofailover.node_active('lafm_test', :np, 0,
    current_group_role => 'apply_settings', current_lsn => '0/5000');
-[ RECORD 1 ]--------+--------
assigned_group_state | primary

SELECT assigned_group_state FROM pgautofailover.node_active('lafm_test', :np, 0,
    current_group_role => 'primary', current_lsn => '0/5000');
-[ RECORD 1 ]--------+--------
assigned_group_state | primary

SELECT pgautofailover.start_maintenance(:ns1);
WARNING:  Starting maintenance on node 22 "lafm_s1" (lafm_s1:5432) will block writes on the primary node 21 "lafm_p" (lafm_p:5432)
DETAIL:  we now have 0 healthy node(s) left in the "secondary" state and formation "lafm_test" number-sync-standbys requires 1 sync standbys
-[ RECORD 1 ]-----+--
start_maintenance | t

SELECT nodename, goalstate, reportedstate
  FROM pgautofailover.node
 WHERE formationid = 'lafm_test'
 ORDER BY nodename;
-[ RECORD 1 ]-+----------------
nodename      | lafm_p
goalstate     | primary
reportedstate | primary
-[ RECORD 2 ]-+----------------
nodename      | lafm_s1
goalstate     | maintenance
reportedstate | secondary
-[ RECORD 3 ]-+----------------
nodename      | lafm_s2_renamed
goalstate     | catchingup
reportedstate | secondary

-- lafm_s1's keeper confirms maintenance
SELECT assigned_group_state FROM pgautofailover.node_active('lafm_test', :ns1, 0,
    current_group_role => 'maintenance', current_lsn => '0/5000');
-[ RECORD 1 ]--------+------------
assigned_group_state | maintenance

SELECT pgautofailover.stop_maintenance(:ns1);
-[ RECORD 1 ]----+--
stop_maintenance | t

SELECT nodename, goalstate, reportedstate
  FROM pgautofailover.node
 WHERE formationid = 'lafm_test'
 ORDER BY nodename;
-[ RECORD 1 ]-+----------------
nodename      | lafm_p
goalstate     | primary
reportedstate | primary
-[ RECORD 2 ]-+----------------
nodename      | lafm_s1
goalstate     | catchingup
reportedstate | maintenance
-[ RECORD 3 ]-+----------------
nodename      | lafm_s2_renamed
goalstate     | catchingup
reportedstate | secondary

