-- Copyright (c) Microsoft Corporation. All rights reserved.
-- Licensed under the PostgreSQL License.
--
-- Regression tests for the monitor's node_active() protocol.
--
-- Covers two concrete regressions:
--
--   #1062 — Primary has health=BAD (health-check worker cannot reach it) but
--            IS calling node_active with pgIsRunning=true.  NodeIsHealthy must
--            return true via the fresh-report override so no spurious failover
--            is triggered.
--
--   #1032 — After a failover the old primary catches up while the health
--            checker still marks it BAD.  The fixed NodeIsHealthy() allows
--            catchingup→secondary to proceed.  Without the fix the transition
--            was permanently blocked (NodeIsHealthy returned false for any
--            node with health=BAD regardless of the live report).
--
-- Additional regression: NODE_HEALTH_UNKNOWN (-1) is the initial DB value for
-- newly registered nodes (no health-check worker has run yet).  NodeIsHealthy
-- must treat UNKNOWN as "trust the keeper's own pgIsRunning report."  This
-- manifests during formation bootstrap: the catchingup→secondary transition
-- requires NodeIsHealthy(joining-node) to be true.
--
-- Also exercises the stale in-memory struct fix in NodeActive(): after
-- ReportAutoFailoverNodeState writes pgIsRunning to the DB, the same value
-- must be synced back into the pgAutoFailoverNode struct before
-- ProceedGroupState runs, otherwise pgIsRunning appears stale to
-- NodeIsHealthy when the keeper changes from pgIsRunning=false to true.
\x on
-- ── formation and node registration ─────────────────────────────────────────
SELECT pgautofailover.create_formation('fsm_test', 'pgsql', 'postgres', true, 1);
-[ RECORD 1 ]----+------------------------------
create_formation | (fsm_test,pgsql,postgres,t,1)

-- sysidentifier=1: a non-zero value satisfies the same_system_identifier
-- constraint without a separate set_node_system_identifier() call.
SELECT *
  FROM pgautofailover.register_node('fsm_test', 'node1', 5432,
                                    'postgres', 'node1', 1);
-[ RECORD 1 ]---------------+-------
assigned_node_id            | 6
assigned_group_id           | 0
assigned_group_state        | single
assigned_candidate_priority | 100
assigned_replication_quorum | t
assigned_node_name          | node1

SELECT nodeid AS n1 FROM pgautofailover.node
 WHERE formationid = 'fsm_test' AND nodename = 'node1' \gset
SELECT *
  FROM pgautofailover.register_node('fsm_test', 'node2', 5432,
                                    'postgres', 'node2', 1);
-[ RECORD 1 ]---------------+-------------
assigned_node_id            | 7
assigned_group_id           | 0
assigned_group_state        | wait_standby
assigned_candidate_priority | 100
assigned_replication_quorum | t
assigned_node_name          | node2

SELECT nodeid AS n2 FROM pgautofailover.node
 WHERE formationid = 'fsm_test' AND nodename = 'node2' \gset
-- ── formation bootstrap ──────────────────────────────────────────────────────
--
-- IsCurrentState(node, S) requires both goalState=S and reportedState=S, so
-- every intermediate state must be explicitly confirmed before the next guard
-- fires.  The sequence below mirrors what two real keepers would produce.
-- node1: single (confirm)
SELECT *
  FROM pgautofailover.node_active('fsm_test', :n1, 0,
                                  current_group_role => 'single');
-[ RECORD 1 ]---------------+-------
assigned_node_id            | 6
assigned_group_id           | 0
assigned_group_state        | single
assigned_candidate_priority | 100
assigned_replication_quorum | t

-- node2: wait_standby (confirm)
SELECT *
  FROM pgautofailover.node_active('fsm_test', :n2, 0,
                                  current_group_role => 'wait_standby');
-[ RECORD 1 ]---------------+-------------
assigned_node_id            | 7
assigned_group_id           | 0
assigned_group_state        | wait_standby
assigned_candidate_priority | 100
assigned_replication_quorum | t

-- node1: single → wait_primary (secondary has joined in WAIT_STANDBY)
SELECT *
  FROM pgautofailover.node_active('fsm_test', :n1, 0,
                                  current_group_role => 'single',
                                  current_lsn => '0/5000');
-[ RECORD 1 ]---------------+-------------
assigned_node_id            | 6
assigned_group_id           | 0
assigned_group_state        | wait_primary
assigned_candidate_priority | 100
assigned_replication_quorum | t

-- node1: wait_primary (confirm)
SELECT *
  FROM pgautofailover.node_active('fsm_test', :n1, 0,
                                  current_group_role => 'wait_primary',
                                  current_lsn => '0/5000');
-[ RECORD 1 ]---------------+-------------
assigned_node_id            | 6
assigned_group_id           | 0
assigned_group_state        | wait_primary
assigned_candidate_priority | 100
assigned_replication_quorum | t

-- node2: wait_standby → catchingup (primary is confirmed in WAIT_PRIMARY)
SELECT *
  FROM pgautofailover.node_active('fsm_test', :n2, 0,
                                  current_group_role => 'wait_standby');
-[ RECORD 1 ]---------------+-----------
assigned_node_id            | 7
assigned_group_id           | 0
assigned_group_state        | catchingup
assigned_candidate_priority | 100
assigned_replication_quorum | t

-- node2: catchingup → secondary
-- NODE_HEALTH_UNKNOWN (-1) regression: health is -1 (default for new nodes;
-- the health-check worker has not run).  NodeIsHealthy must trust the
-- keeper's pgIsRunning=true instead of returning false.
SELECT *
  FROM pgautofailover.node_active('fsm_test', :n2, 0,
                                  current_group_role => 'catchingup',
                                  current_lsn => '0/5000');
-[ RECORD 1 ]---------------+----------
assigned_node_id            | 7
assigned_group_id           | 0
assigned_group_state        | secondary
assigned_candidate_priority | 100
assigned_replication_quorum | t

-- node2: secondary (confirm)
SELECT *
  FROM pgautofailover.node_active('fsm_test', :n2, 0,
                                  current_group_role => 'secondary',
                                  current_lsn => '0/5000');
-[ RECORD 1 ]---------------+----------
assigned_node_id            | 7
assigned_group_id           | 0
assigned_group_state        | secondary
assigned_candidate_priority | 100
assigned_replication_quorum | t

-- node1: wait_primary → primary (secondary quorum satisfied)
SELECT *
  FROM pgautofailover.node_active('fsm_test', :n1, 0,
                                  current_group_role => 'wait_primary',
                                  current_lsn => '0/5000');
-[ RECORD 1 ]---------------+--------
assigned_node_id            | 6
assigned_group_id           | 0
assigned_group_state        | primary
assigned_candidate_priority | 100
assigned_replication_quorum | t

-- ── test_001: steady state ───────────────────────────────────────────────────
SELECT *
  FROM pgautofailover.node_active('fsm_test', :n1, 0,
                                  current_group_role => 'primary',
                                  current_lsn => '0/5000');
-[ RECORD 1 ]---------------+--------
assigned_node_id            | 6
assigned_group_id           | 0
assigned_group_state        | primary
assigned_candidate_priority | 100
assigned_replication_quorum | t

SELECT *
  FROM pgautofailover.node_active('fsm_test', :n2, 0,
                                  current_group_role => 'secondary',
                                  current_lsn => '0/5000');
-[ RECORD 1 ]---------------+----------
assigned_node_id            | 7
assigned_group_id           | 0
assigned_group_state        | secondary
assigned_candidate_priority | 100
assigned_replication_quorum | t

-- ── test_002: issue #1062 ─────────────────────────────────────────────────────
--
-- Health checker marks primary BAD while the primary is still calling
-- node_active with pgIsRunning=true.  NodeIsHealthy must return true via the
-- fresh-report override:
--   health=BAD, healthchecktime < reportTime, reportTime within 1s of now.
-- No spurious failover must be triggered.
UPDATE pgautofailover.node
   SET health = 0,
       healthchecktime = now() - interval '1 second'
 WHERE nodename = 'node1';
-- Primary reports pgIsRunning=true; fresh report overrides the BAD health.
SELECT *
  FROM pgautofailover.node_active('fsm_test', :n1, 0,
                                  current_group_role => 'primary',
                                  current_pg_is_running => true,
                                  current_lsn => '0/5000');
-[ RECORD 1 ]---------------+--------
assigned_node_id            | 6
assigned_group_id           | 0
assigned_group_state        | primary
assigned_candidate_priority | 100
assigned_replication_quorum | t

-- Secondary calls in; NodeIsUnhealthy(primary) is false — no promotion.
SELECT *
  FROM pgautofailover.node_active('fsm_test', :n2, 0,
                                  current_group_role => 'secondary',
                                  current_pg_is_running => true,
                                  current_lsn => '0/5000');
-[ RECORD 1 ]---------------+----------
assigned_node_id            | 7
assigned_group_id           | 0
assigned_group_state        | secondary
assigned_candidate_priority | 100
assigned_replication_quorum | t

-- restore health before the full-failure test
UPDATE pgautofailover.node
   SET health = 1,
       healthchecktime = now()
 WHERE nodename = 'node1';
-- ── test_003: two-node failover ───────────────────────────────────────────────
UPDATE pgautofailover.node
   SET health = 0,
       healthchecktime = now() - interval '1 second'
 WHERE nodename = 'node1';
-- Primary's own heartbeat with pgIsRunning=false.  In the two-node case
-- ProceedGroupStateForPrimaryNode has no self-demotion rule; the failover
-- trigger fires from the standby's heartbeat.
SELECT *
  FROM pgautofailover.node_active('fsm_test', :n1, 0,
                                  current_group_role => 'primary',
                                  current_pg_is_running => false,
                                  current_lsn => '0/5000');
-[ RECORD 1 ]---------------+--------
assigned_node_id            | 6
assigned_group_id           | 0
assigned_group_state        | primary
assigned_candidate_priority | 100
assigned_replication_quorum | t

-- Secondary calls in: NodeIsUnhealthy(primary) is true → prepare_promotion.
SELECT *
  FROM pgautofailover.node_active('fsm_test', :n2, 0,
                                  current_group_role => 'secondary',
                                  current_pg_is_running => true,
                                  current_lsn => '0/5000');
-[ RECORD 1 ]---------------+------------------
assigned_node_id            | 7
assigned_group_id           | 0
assigned_group_state        | prepare_promotion
assigned_candidate_priority | 100
assigned_replication_quorum | t

-- node2 reports prepare_promotion → assigned stop_replication.
-- node1 gets goalState=demote_timeout.
SELECT *
  FROM pgautofailover.node_active('fsm_test', :n2, 0,
                                  current_group_role => 'prepare_promotion',
                                  current_pg_is_running => true,
                                  current_lsn => '0/5000');
-[ RECORD 1 ]---------------+-----------------
assigned_node_id            | 7
assigned_group_id           | 0
assigned_group_state        | stop_replication
assigned_candidate_priority | 100
assigned_replication_quorum | t

-- node1 reports demote_timeout; satisfies IsCurrentState(node1, DEMOTE_TIMEOUT)
-- so that the next node2 heartbeat can advance.
SELECT *
  FROM pgautofailover.node_active('fsm_test', :n1, 0,
                                  current_group_role => 'demote_timeout',
                                  current_pg_is_running => false,
                                  current_lsn => '0/5000');
-[ RECORD 1 ]---------------+---------------
assigned_node_id            | 6
assigned_group_id           | 0
assigned_group_state        | demote_timeout
assigned_candidate_priority | 100
assigned_replication_quorum | t

-- node2 reports stop_replication → assigned wait_primary.
-- node1 gets goalState=demoted.
SELECT *
  FROM pgautofailover.node_active('fsm_test', :n2, 0,
                                  current_group_role => 'stop_replication',
                                  current_pg_is_running => true,
                                  current_tli => 2,
                                  current_lsn => '0/5000');
-[ RECORD 1 ]---------------+-------------
assigned_node_id            | 7
assigned_group_id           | 0
assigned_group_state        | wait_primary
assigned_candidate_priority | 100
assigned_replication_quorum | t

-- node2 in wait_primary; no secondary in quorum yet.
SELECT *
  FROM pgautofailover.node_active('fsm_test', :n2, 0,
                                  current_group_role => 'wait_primary',
                                  current_pg_is_running => true,
                                  current_tli => 2,
                                  current_lsn => '0/5000');
-[ RECORD 1 ]---------------+-------------
assigned_node_id            | 7
assigned_group_id           | 0
assigned_group_state        | wait_primary
assigned_candidate_priority | 100
assigned_replication_quorum | t

-- ── test_004: issue #1032 ─────────────────────────────────────────────────────
--
-- Old primary (node1) resurfaces.  Health checker is still marking it BAD
-- (recovery in progress).  The fixed NodeIsHealthy() must allow the
-- catchingup→secondary transition.
--
-- The stale in-memory struct fix is also exercised here: node1's previous
-- node_active call reported pgIsRunning=false (demoted).  The DB therefore
-- has reportedpgisrunning=false.  When node1 reports catchingup with
-- pgIsRunning=true, ReportAutoFailoverNodeState writes true to the DB but the
-- in-memory struct still holds false.  Without the fix, ProceedGroupState
-- sees pgIsRunning=false and NodeIsHealthy returns false, permanently blocking
-- the transition.
UPDATE pgautofailover.node
   SET health = 1,
       healthchecktime = now()
 WHERE nodename = 'node1';
-- node1 resurfaces reporting 'primary' while its goalState is 'demoted'.
-- IsCurrentState(node1, DEMOTED) is false (reportedState mismatch), so no
-- DEMOTED rule fires; the monitor returns the current goalState = demoted.
SELECT *
  FROM pgautofailover.node_active('fsm_test', :n1, 0,
                                  current_group_role => 'primary',
                                  current_pg_is_running => true,
                                  current_tli => 1,
                                  current_lsn => '0/4F00');
-[ RECORD 1 ]---------------+--------
assigned_node_id            | 6
assigned_group_id           | 0
assigned_group_state        | demoted
assigned_candidate_priority | 100
assigned_replication_quorum | t

-- node1 reports demoted → catchingup assigned.
SELECT *
  FROM pgautofailover.node_active('fsm_test', :n1, 0,
                                  current_group_role => 'demoted',
                                  current_pg_is_running => false,
                                  current_tli => 1,
                                  current_lsn => '0/4F00');
-[ RECORD 1 ]---------------+-----------
assigned_node_id            | 6
assigned_group_id           | 0
assigned_group_state        | catchingup
assigned_candidate_priority | 100
assigned_replication_quorum | t

-- Health checker marks node1 BAD again (recovery still in progress).
UPDATE pgautofailover.node
   SET health = 0,
       healthchecktime = now() - interval '1 second'
 WHERE nodename = 'node1';
-- node1 calls node_active with pgIsRunning=true.
-- NodeIsHealthy(node1) returns true via the fresh-report override.
-- The stale-struct fix ensures the pgIsRunning=true from this call's report
-- is visible to ProceedGroupState within the same call.
SELECT *
  FROM pgautofailover.node_active('fsm_test', :n1, 0,
                                  current_group_role => 'catchingup',
                                  current_pg_is_running => true,
                                  current_tli => 2,
                                  current_lsn => '0/5000');
-[ RECORD 1 ]---------------+----------
assigned_node_id            | 6
assigned_group_id           | 0
assigned_group_state        | secondary
assigned_candidate_priority | 100
assigned_replication_quorum | t

-- node1 confirms secondary.
SELECT *
  FROM pgautofailover.node_active('fsm_test', :n1, 0,
                                  current_group_role => 'secondary',
                                  current_pg_is_running => true,
                                  current_tli => 2,
                                  current_lsn => '0/5000');
-[ RECORD 1 ]---------------+----------
assigned_node_id            | 6
assigned_group_id           | 0
assigned_group_state        | secondary
assigned_candidate_priority | 100
assigned_replication_quorum | t

-- node2 now has a healthy secondary in the quorum → promoted to primary.
SELECT *
  FROM pgautofailover.node_active('fsm_test', :n2, 0,
                                  current_group_role => 'wait_primary',
                                  current_pg_is_running => true,
                                  current_tli => 2,
                                  current_lsn => '0/5000');
-[ RECORD 1 ]---------------+--------
assigned_node_id            | 7
assigned_group_id           | 0
assigned_group_state        | primary
assigned_candidate_priority | 100
assigned_replication_quorum | t

