-- Copyright (c) Microsoft Corporation. All rights reserved.
-- Licensed under the PostgreSQL License.
--
-- Regression test for a guard_data_loss edge case: a primary that is
-- hard-killed (SIGKILL / stop_pg_autoctl, as tests/pgautofailover_utils.py
-- DataNode.fail() does) gets zero opportunity to report its own demotion.
-- Its reportedstate stays frozen at "primary" forever; only its goalstate
-- advances (draining -> demote_timeout -> demoted), driven purely by the
-- monitor's own timeout, never confirmed by the dead node itself.
--
-- This was investigated as a suspected bypass of BuildCandidateList()'s
-- missingNodesCount bookkeeping: its "skip this node, it's a primary (old
-- or new)" branch only excludes a node from the skip when its reportedState
-- (not goalState) is DRAINING/DEMOTED, so a node frozen at reportedState =
-- PRIMARY with goalState = DEMOTED matches the skip and is dropped from
-- missingNodesCount entirely -- neither a candidate nor "missing".
--
-- This test manufactures exactly that scenario for TWO consecutive dead
-- primaries (mirroring test_multi_alternate_primary_failures.py's
-- test_003_002_stop_primary, which kills node1 then node2 back-to-back)
-- and confirms the sole surviving standby (spr_s2) still correctly gets
-- stuck at report_lsn rather than being promoted: the separate
-- quorumCandidateCount < minCandidates guard (minCandidates =
-- number_sync_standbys + 1 = 2 here) catches what the missingNodesCount
-- skip-branch misses, so the end-to-end quorum-safety behavior is correct
-- even though missingNodesCount's bookkeeping is arguably imprecise for
-- this case. The PG16 CI flake this was investigating turned out to be
-- CI-runner timing (see test_003_002_stop_primary's 120s timeout bump),
-- not a promotion-safety bug -- this test is kept as permanent regression
-- coverage for the hard-killed-primary quorum edge case.
\x on
-- ── formation and node registration ─────────────────────────────────────────
-- Same 3-node/number_sync_standbys=1 shape as guard_data_loss.sql.
SELECT pgautofailover.create_formation('spr_test', 'pgsql', 'postgres', true, 1);
-[ RECORD 1 ]----+------------------------------
create_formation | (spr_test,pgsql,postgres,t,1)

SELECT *
  FROM pgautofailover.register_node('spr_test', 'spr_p', 5432,
                                    'postgres', 'spr_p', 1);
-[ RECORD 1 ]---------------+-------
assigned_node_id            | 18
assigned_group_id           | 0
assigned_group_state        | single
assigned_candidate_priority | 100
assigned_replication_quorum | t
assigned_node_name          | spr_p

SELECT nodeid AS np FROM pgautofailover.node
 WHERE formationid = 'spr_test' AND nodename = 'spr_p' \gset
SELECT *
  FROM pgautofailover.register_node('spr_test', 'spr_s1', 5432,
                                    'postgres', 'spr_s1', 1);
-[ RECORD 1 ]---------------+-------------
assigned_node_id            | 19
assigned_group_id           | 0
assigned_group_state        | wait_standby
assigned_candidate_priority | 100
assigned_replication_quorum | t
assigned_node_name          | spr_s1

SELECT nodeid AS ns1 FROM pgautofailover.node
 WHERE formationid = 'spr_test' AND nodename = 'spr_s1' \gset
SELECT *
  FROM pgautofailover.register_node('spr_test', 'spr_s2', 5432,
                                    'postgres', 'spr_s2', 1);
-[ RECORD 1 ]---------------+-------------
assigned_node_id            | 20
assigned_group_id           | 0
assigned_group_state        | wait_standby
assigned_candidate_priority | 100
assigned_replication_quorum | t
assigned_node_name          | spr_s2

SELECT nodeid AS ns2 FROM pgautofailover.node
 WHERE formationid = 'spr_test' AND nodename = 'spr_s2' \gset
-- ── bootstrap: drive the FSM to primary + secondary + secondary ─────────────
-- Identical sequence to guard_data_loss.sql's bootstrap.
SELECT assigned_group_state
  FROM pgautofailover.node_active('spr_test', :np, 0,
                                  current_group_role => 'single');
-[ RECORD 1 ]--------+-------
assigned_group_state | single

SELECT assigned_group_state
  FROM pgautofailover.node_active('spr_test', :ns1, 0,
                                  current_group_role => 'wait_standby');
-[ RECORD 1 ]--------+-------------
assigned_group_state | wait_standby

SELECT assigned_group_state
  FROM pgautofailover.node_active('spr_test', :np, 0,
                                  current_group_role => 'single',
                                  current_lsn => '0/5000');
-[ RECORD 1 ]--------+-------------
assigned_group_state | wait_primary

SELECT assigned_group_state
  FROM pgautofailover.node_active('spr_test', :np, 0,
                                  current_group_role => 'wait_primary',
                                  current_lsn => '0/5000');
-[ RECORD 1 ]--------+-------------
assigned_group_state | wait_primary

SELECT assigned_group_state
  FROM pgautofailover.node_active('spr_test', :ns1, 0,
                                  current_group_role => 'wait_standby');
-[ RECORD 1 ]--------+-----------
assigned_group_state | catchingup

SELECT assigned_group_state
  FROM pgautofailover.node_active('spr_test', :ns1, 0,
                                  current_group_role => 'catchingup',
                                  current_lsn => '0/5000');
-[ RECORD 1 ]--------+----------
assigned_group_state | secondary

SELECT assigned_group_state
  FROM pgautofailover.node_active('spr_test', :ns1, 0,
                                  current_group_role => 'secondary',
                                  current_lsn => '0/5000');
-[ RECORD 1 ]--------+----------
assigned_group_state | secondary

SELECT assigned_group_state
  FROM pgautofailover.node_active('spr_test', :np, 0,
                                  current_group_role => 'wait_primary',
                                  current_lsn => '0/5000');
-[ RECORD 1 ]--------+--------
assigned_group_state | primary

SELECT assigned_group_state
  FROM pgautofailover.node_active('spr_test', :np, 0,
                                  current_group_role => 'primary',
                                  current_lsn => '0/5000');
-[ RECORD 1 ]--------+--------
assigned_group_state | primary

SELECT assigned_group_state
  FROM pgautofailover.node_active('spr_test', :ns1, 0,
                                  current_group_role => 'secondary',
                                  current_lsn => '0/5000');
-[ RECORD 1 ]--------+----------
assigned_group_state | secondary

SELECT assigned_group_state
  FROM pgautofailover.node_active('spr_test', :ns2, 0,
                                  current_group_role => 'wait_standby');
-[ RECORD 1 ]--------+-----------
assigned_group_state | catchingup

SELECT assigned_group_state
  FROM pgautofailover.node_active('spr_test', :ns2, 0,
                                  current_group_role => 'catchingup',
                                  current_lsn => '0/5000');
-[ RECORD 1 ]--------+-----------
assigned_group_state | catchingup

SELECT assigned_group_state
  FROM pgautofailover.node_active('spr_test', :ns2, 0,
                                  current_group_role => 'secondary',
                                  current_lsn => '0/5000');
-[ RECORD 1 ]--------+-----------
assigned_group_state | catchingup

-- p: primary (refresh to pick up second secondary)
SELECT assigned_group_state
  FROM pgautofailover.node_active('spr_test', :np, 0,
                                  current_group_role => 'primary',
                                  current_lsn => '0/5000');
-[ RECORD 1 ]--------+---------------
assigned_group_state | apply_settings

-- Verify bootstrap: p=primary, s1=secondary, s2=secondary.
SELECT nodename, goalstate, reportedstate
  FROM pgautofailover.node
 WHERE formationid = 'spr_test'
 ORDER BY nodename;
-[ RECORD 1 ]-+---------------
nodename      | spr_p
goalstate     | apply_settings
reportedstate | primary
-[ RECORD 2 ]-+---------------
nodename      | spr_s1
goalstate     | secondary
reportedstate | secondary
-[ RECORD 3 ]-+---------------
nodename      | spr_s2
goalstate     | catchingup
reportedstate | secondary

-- ── generation 1: p is hard-killed, never reports its own demotion ──────────
--
-- Simulate node1.fail(): p's process is gone the instant it's killed, so
-- its reportedstate is frozen at "primary" forever -- only goalstate ever
-- advances, driven purely by the monitor's own demote-timeout logic. We
-- manufacture the end state of that timeout sequence directly instead of
-- waiting out startup_grace_period/drain timeouts.
UPDATE pgautofailover.node
   SET health = 0,
       healthchecktime = now(),
       reporttime = now() - interval '60 seconds',
       reportedpgisrunning = false,
       goalstate = 'demoted'
       -- reportedstate deliberately left at 'primary': p never reported
       -- draining, demote_timeout, or demoted -- it was dead before any
       -- of those could be confirmed.
 WHERE formationid = 'spr_test' AND nodename = 'spr_p';
-- s1 takes over as primary (mirrors node2 becoming primary in
-- test_003_001, and s1.reportedstate/goalstate both become primary/primary
-- for real, via a genuine node_active() report -- unlike p above).
SELECT assigned_group_state
  FROM pgautofailover.node_active('spr_test', :ns1, 0,
                                  current_group_role => 'primary',
                                  current_lsn => '0/5000');
-[ RECORD 1 ]--------+----------
assigned_group_state | secondary

SELECT nodename, goalstate, reportedstate, health
  FROM pgautofailover.node
 WHERE formationid = 'spr_test'
 ORDER BY nodename;
-[ RECORD 1 ]-+-----------
nodename      | spr_p
goalstate     | demoted
reportedstate | primary
health        | 0
-[ RECORD 2 ]-+-----------
nodename      | spr_s1
goalstate     | secondary
reportedstate | primary
health        | -1
-[ RECORD 3 ]-+-----------
nodename      | spr_s2
goalstate     | catchingup
reportedstate | secondary
health        | -1

-- ── generation 2: s1 is ALSO hard-killed the same way ───────────────────────
--
-- Simulate node2.fail(): same failure mode as p above -- reportedstate
-- frozen at "primary", only goalstate ever reaches "demoted".
UPDATE pgautofailover.node
   SET health = 0,
       healthchecktime = now(),
       reporttime = now() - interval '60 seconds',
       reportedpgisrunning = false,
       goalstate = 'demoted'
 WHERE formationid = 'spr_test' AND nodename = 'spr_s1';
-- s2 is the only node left alive. number_sync_standbys=1 means minCandidates
-- = 2: with BOTH p and s1 correctly counted as missing quorum reporters,
-- s2 alone must NOT be enough to proceed -- it should be assigned
-- report_lsn and get stuck there, exactly like test_003_002_stop_primary
-- expects. If p/s1 are instead silently skipped by the primary-skip
-- branch, s2 will be promoted (prepare_promotion or further) despite
-- being the only node that has ever reported an LSN.
SELECT assigned_group_state
  FROM pgautofailover.node_active('spr_test', :ns2, 0,
                                  current_group_role => 'secondary',
                                  current_lsn => '0/5000');
-[ RECORD 1 ]--------+-----------
assigned_group_state | catchingup

SELECT nodename, goalstate, reportedstate, health
  FROM pgautofailover.node
 WHERE formationid = 'spr_test'
 ORDER BY nodename;
-[ RECORD 1 ]-+-----------
nodename      | spr_p
goalstate     | demoted
reportedstate | primary
health        | 0
-[ RECORD 2 ]-+-----------
nodename      | spr_s1
goalstate     | demoted
reportedstate | primary
health        | 0
-[ RECORD 3 ]-+-----------
nodename      | spr_s2
goalstate     | report_lsn
reportedstate | secondary
health        | -1

-- s2 must still be stuck after further node_active() calls report the
-- same state again (mirrors test_003_002's second assertion after a 5s
-- sleep: node3 must not have progressed to wait_primary in the interim).
SELECT assigned_group_state
  FROM pgautofailover.node_active('spr_test', :ns2, 0,
                                  current_group_role => 'secondary',
                                  current_lsn => '0/5000');
-[ RECORD 1 ]--------+-----------
assigned_group_state | report_lsn

SELECT nodename, goalstate, reportedstate
  FROM pgautofailover.node
 WHERE formationid = 'spr_test'
 ORDER BY nodename;
-[ RECORD 1 ]-+-----------
nodename      | spr_p
goalstate     | demoted
reportedstate | primary
-[ RECORD 2 ]-+-----------
nodename      | spr_s1
goalstate     | demoted
reportedstate | primary
-[ RECORD 3 ]-+-----------
nodename      | spr_s2
goalstate     | report_lsn
reportedstate | secondary

-- event summary: which MonitorFSM[] rule (if any) produced each of this
-- test's own state-change events. Exercises pgautofailover.last_events()
-- against a real scenario -- its own SELECT list didn't match
-- pgautofailover.event's column set for a long time, breaking it outright,
-- and nothing in this suite ever called it to notice (see monitor.sql's
-- own minimal-repro coverage). eventid/eventtime omitted: eventid is a
-- database-wide sequence shared by every test in this schedule (see
-- regress_schedule's own comment) and eventtime is a live timestamp --
-- neither is a stable value to pin in this file's own expected output.
SELECT reportedstate, goalstate, rule_pos, rule_section, description
  FROM pgautofailover.last_events('spr_test', count => 100);
-[ RECORD 1 ]-+----------------------------------------------------------------------------------------------
reportedstate | init
goalstate     | single
rule_pos      | 209
rule_section  | early_checks
description   | alone in group, candidate-eligible -> single
-[ RECORD 2 ]-+----------------------------------------------------------------------------------------------
reportedstate | single
goalstate     | single
rule_pos      | 
rule_section  | 
description   | New state is reported by node 18 "spr_p" (spr_p:5432): "single"
-[ RECORD 3 ]-+----------------------------------------------------------------------------------------------
reportedstate | wait_standby
goalstate     | wait_standby
rule_pos      | 
rule_section  | 
description   | New state is reported by node 19 "spr_s1" (spr_s1:5432): "wait_standby"
-[ RECORD 4 ]-+----------------------------------------------------------------------------------------------
reportedstate | single
goalstate     | wait_primary
rule_pos      | 401
rule_section  | primary_node
description   | primary alone, another node reached wait_standby -> wait_primary
-[ RECORD 5 ]-+----------------------------------------------------------------------------------------------
reportedstate | wait_primary
goalstate     | wait_primary
rule_pos      | 
rule_section  | 
description   | New state is reported by node 18 "spr_p" (spr_p:5432): "wait_primary"
-[ RECORD 6 ]-+----------------------------------------------------------------------------------------------
reportedstate | wait_standby
goalstate     | catchingup
rule_pos      | 315
rule_section  | reporting_node
description   | wait_standby, primary converged wait/join_primary -> catchingup
-[ RECORD 7 ]-+----------------------------------------------------------------------------------------------
reportedstate | catchingup
goalstate     | catchingup
rule_pos      | 
rule_section  | 
description   | New state is reported by node 19 "spr_s1" (spr_s1:5432): "catchingup"
-[ RECORD 8 ]-+----------------------------------------------------------------------------------------------
reportedstate | catchingup
goalstate     | secondary
rule_pos      | 321
rule_section  | reporting_node
description   | caught up, same TLI as primary, within sync threshold -> secondary
-[ RECORD 9 ]-+----------------------------------------------------------------------------------------------
reportedstate | secondary
goalstate     | secondary
rule_pos      | 
rule_section  | 
description   | New state is reported by node 19 "spr_s1" (spr_s1:5432): "secondary"
-[ RECORD 10 ]+----------------------------------------------------------------------------------------------
reportedstate | wait_primary
goalstate     | primary
rule_pos      | 411
rule_section  | primary_node
description   | wait_primary, >=1 quorum secondary -> primary (+ unhealthy-secondary fan-out to catchingup)
-[ RECORD 11 ]+----------------------------------------------------------------------------------------------
reportedstate | primary
goalstate     | primary
rule_pos      | 
rule_section  | 
description   | New state is reported by node 18 "spr_p" (spr_p:5432): "primary"
-[ RECORD 12 ]+----------------------------------------------------------------------------------------------
reportedstate | wait_standby
goalstate     | wait_standby
rule_pos      | 
rule_section  | 
description   | New state is reported by node 20 "spr_s2" (spr_s2:5432): "wait_standby"
-[ RECORD 13 ]+----------------------------------------------------------------------------------------------
reportedstate | wait_standby
goalstate     | catchingup
rule_pos      | 317
rule_section  | reporting_node
description   | wait_standby (quorum member), primary converged primary -> catchingup + apply_settings
-[ RECORD 14 ]+----------------------------------------------------------------------------------------------
reportedstate | primary
goalstate     | apply_settings
rule_pos      | 317
rule_section  | reporting_node
description   | wait_standby (quorum member), primary converged primary -> catchingup + apply_settings
-[ RECORD 15 ]+----------------------------------------------------------------------------------------------
reportedstate | catchingup
goalstate     | catchingup
rule_pos      | 
rule_section  | 
description   | New state is reported by node 20 "spr_s2" (spr_s2:5432): "catchingup"
-[ RECORD 16 ]+----------------------------------------------------------------------------------------------
reportedstate | secondary
goalstate     | catchingup
rule_pos      | 
rule_section  | 
description   | New state is reported by node 20 "spr_s2" (spr_s2:5432): "secondary"
-[ RECORD 17 ]+----------------------------------------------------------------------------------------------
reportedstate | primary
goalstate     | secondary
rule_pos      | 
rule_section  | 
description   | New state is reported by node 19 "spr_s1" (spr_s1:5432): "primary"
-[ RECORD 18 ]+----------------------------------------------------------------------------------------------
reportedstate | secondary
goalstate     | report_lsn
rule_pos      | 367
rule_section  | reporting_node
description   | MS-failover fan-out: secondary/catchingup/archiving, not yet converged -> report_lsn (1 of 4)

